[16:27:57] [INFO] ======================================================================
[16:27:57] [INFO] Step 72: H0(z) Falsification
[16:27:57] [INFO] ======================================================================
[16:27:57] [PROCESS] Loading Pantheon+ for H0(z) falsification...
[16:27:57] [SUCCESS]   1459 Hubble-flow SNe
[16:27:57] [INFO]   z range: 0.0103 - 2.2613
[16:27:57] [PROCESS] Loading covariance /Users/matthewsmawfield/www/Temporal Equivalence Principle/TEP-VOID/data/raw/Pantheon+SH0ES_STAT+SYS.cov...
[16:27:57] [SUCCESS]   Loaded 1701x1701 covariance
[16:27:57] [INFO]   STAT+SYS file is not positive definite; reconstructing covariance from published errors
[16:27:57] [PROCESS] 
Fitting models...
[16:27:57] [TEST] 
Model comparison:
[16:27:57] [INFO]   Flat_TEP               chi2=      4515.2  BIC=    4529.8  dBIC=    0.00  n_p=2
[16:27:57] [INFO]   KBC_Exponential_Fixed  chi2=      5049.8  BIC=    5057.1  dBIC=  527.27  n_p=1
[16:27:57] [INFO]   KBC_Gaussian_Fixed     chi2=      4658.7  BIC=    4666.0  dBIC=  136.16  n_p=1
[16:27:57] [INFO]   Free_Exponential       chi2=      4515.2  BIC=    4544.4  dBIC=   14.57  n_p=4
[16:27:57] [INFO]   Free_Gaussian          chi2=      4518.8  BIC=    4547.9  dBIC=   18.08  n_p=4
[16:27:57] [SUCCESS] 
Saved results to /Users/matthewsmawfield/www/Temporal Equivalence Principle/TEP-VOID/results/outputs/step_72_h0z_falsification.json
[16:27:57] [SUCCESS] Saved figure /Users/matthewsmawfield/www/Temporal Equivalence Principle/TEP-VOID/results/figures/step_72_h0z_falsification.png
[16:27:57] [SUCCESS] step_72 completed in 0.7s
[16:27:57] [INFO] 
[16:27:57] [INFO] ================================================================================
[16:27:57] [INFO]    Pipeline complete: 1 succeeded, 0 failed, 0.7s total
[16:27:57] [INFO] ================================================================================
[16:27:57] [INFO] 
