[20:58:55] [INFO] ============================================================
[20:58:55] [INFO] Step 51: Bayesian Hierarchical Band-Dependence Analysis
[20:58:55] [INFO] ============================================================
[20:58:55] [INFO] Loaded 29 galaxies from band-dependence catalog
[20:58:55] [INFO] 
Primary sample (MF2023): 20 galaxies
[20:58:55] [INFO] Valid galaxies: 20
[20:58:55] [INFO] X_i range: -1.02e-08 to 3.28e-07
[20:58:55] [INFO] delta_mu_band range: -0.2940 to 0.1910
[20:58:55] [PROCESS] 
--- OLS Regression (baseline) ---
[20:58:55] [TEST] OLS: slope = 3.514e+05 ± 4.239e+04 (8.29sigma)
[20:58:55] [TEST] OLS: intercept = -0.0476
[20:58:55] [TEST] OLS: chi^2/dof = 22.71
[20:58:55] [PROCESS] 
--- MCMC Hierarchical (with intrinsic scatter) ---
[20:58:55] [INFO] Running MCMC (4 chains, 5000 burn-in + 10000 samples each)...
[20:58:56] [INFO] Acceptance rate: 0.30
[20:58:56] [INFO] Gelman-Rubin R-hat: slope=1.001, intercept=1.001, sigma_int=1.001
[20:58:56] [INFO] Convergence: CONVERGED (R-hat < 1.1)
[20:58:56] [TEST] MCMC: slope = -2.718e+05 (+4.108e+05 / 4.353e+05)
[20:58:56] [TEST] MCMC: slope sigma = -0.62sigma
[20:58:56] [TEST] MCMC: intercept = 0.0107 ± 0.0431
[20:58:56] [TEST] MCMC: sigma_int = 0.1461 (+0.0298 / 0.0229)
[20:58:56] [PROCESS] 
--- TEP Prediction Comparison ---
[20:58:56] [INFO] TEP predicted slope (equiv kappa_P): -5.598e+04
[20:58:56] [INFO] TEP predicted slope (joint kappa_P): -6.135e+04
[20:58:56] [INFO] TEP predicts NEGATIVE slope (NIR more compressed at high X_i)
[20:58:56] [TEST] Observed/predicted ratio: 4.86
[20:58:56] [TEST] P(slope < 0) [TEP direction] = 0.7495
[20:58:56] [TEST] P(slope < predicted) = 0.7061
[20:58:56] [PROCESS] 
--- Bootstrap Regression (10,000 resamples) ---
[20:58:57] [TEST] Bootstrap: slope = 3.756e+05 ± 4.340e+05
[20:58:57] [TEST] Bootstrap: 95% CI = [-5.256e+05, 1.128e+06]
[20:58:57] [PROCESS] 
--- Leave-One-Out Influence Analysis ---
[20:58:57] [TEST] Most influential: NGC 4424 (slope -> 3.519e+05)
[20:58:57] [TEST] LOO slope range: -1.147e+06 to 4.322e+05
[20:58:57] [PROCESS] 
--- Outlier Analysis ---
[20:58:57] [TEST] Outliers (|sigma| > 3): 0
[20:58:57] [INFO] 
Saved results to /Users/matthewsmawfield/www/Temporal Equivalence Principle/TEP-VOID/results/outputs/step_51_band_bayesian.json
[20:58:57] [INFO] 
============================================================
[20:58:57] [INFO] Step 51 complete
[20:58:57] [INFO] ============================================================
[20:58:57] [SUCCESS] step_51 completed in 1.9s
[20:58:57] [INFO] 
[20:58:57] [INFO] ================================================================================
[20:58:57] [INFO]    Starting step_52: Derivation of stellar-pulsation response coefficient eta_P
[20:58:57] [INFO] ================================================================================
[20:58:57] [INFO] 
