[23:44:17] [TEST] ========================================================================
[23:44:17] [TEST] Digitization Sensitivity: H0(z) Rejection of KBC Void Curves
[23:44:17] [TEST] Native mu-space, full 1701x1701 STAT+SYS covariance
[23:44:17] [TEST] ========================================================================
[23:44:17] [PROCESS] Scientific context: The primary step_32 result rejects the KBC void H0(z) curves at large DeltaAIC in native mu-space. This sensitivity test addresses whether digitization noise introduced during curve-tracing of the published KBC figures could materially alter that rejection. Additive H0 shifts of +/-0.5 and +/-1.0 km/s/Mpc are applied to both the Gaussian and Exponential Method-3 curves, bracketing plausible digitization uncertainty. If the rejection persists across all shifts, the falsification is robust to curve-tracing artifacts.
[23:44:17] [PROCESS] Loaded 1701 rows from Pantheon+SH0ES.dat
[23:44:17] [PROCESS] Loading covariance matrix from Pantheon+SH0ES_STAT+SYS.cov...
[23:44:17] [SUCCESS] Loaded 1701x1701 covariance matrix
[23:44:17] [PROCESS] Valid SNe with zCMB and MU_SH0ES: 1701
[23:44:17] [PROCESS] Computing reference cosmology moduli...
[23:44:17] [PROCESS] Data residual: mean=0.0045, std=0.1903, min=-1.0701, max=1.1556
[23:44:17] [PROCESS] Loading digitized KBC curves...
[23:44:17] [PROCESS] Methodology: Both digitized Method-3 curves (Gaussian and Exponential) are loaded and denoised identically to step_32. The Gaussian curve undergoes parametric Gaussian-decline denoising; the Exponential curve is used as-is. For each curve, additive H0 shifts in {-1.0, -0.5, 0.0, +0.5, +1.0} km/s/Mpc are applied, and DeltaAIC is recomputed in native mu-space with the full 1701x1701 STAT+SYS covariance and analytically marginalized zero-point. Two sample cuts are evaluated: full sample and z >= 0.05.
[23:44:17] [PROCESS] Inverting 1701x1701 covariance matrix...
[23:44:17] [TEST] 
--- Full sample (no cut) (N=1701) ---
[23:44:17] [TEST]   shift=-1.0: DeltaAIC_G=+198.7, DeltaAIC_E=+336.1  [chi2_flat=2007.7]
[23:44:17] [TEST]   shift=-0.5: DeltaAIC_G=+196.5, DeltaAIC_E=+332.4  [chi2_flat=2007.7]
[23:44:17] [TEST]   shift=+0.0: DeltaAIC_G=+194.3, DeltaAIC_E=+328.7  [chi2_flat=2007.7]
[23:44:17] [TEST]   shift=+0.5: DeltaAIC_G=+192.2, DeltaAIC_E=+325.2  [chi2_flat=2007.7]
[23:44:17] [TEST]   shift=+1.0: DeltaAIC_G=+190.1, DeltaAIC_E=+321.6  [chi2_flat=2007.7]
[23:44:17] [TEST] 
--- z >= 0.05 (N=1053) ---
[23:44:17] [TEST]   shift=-1.0: DeltaAIC_G=+104.1, DeltaAIC_E=+120.0  [chi2_flat=919.2]
[23:44:17] [TEST]   shift=-0.5: DeltaAIC_G=+102.8, DeltaAIC_E=+118.5  [chi2_flat=919.2]
[23:44:17] [TEST]   shift=+0.0: DeltaAIC_G=+101.5, DeltaAIC_E=+117.1  [chi2_flat=919.2]
[23:44:17] [TEST]   shift=+0.5: DeltaAIC_G=+100.2, DeltaAIC_E=+115.6  [chi2_flat=919.2]
[23:44:17] [TEST]   shift=+1.0: DeltaAIC_G=+99.0, DeltaAIC_E=+114.2  [chi2_flat=919.2]
[23:44:17] [SUCCESS] 
Results saved to /Users/matthewsmawfield/www/Temporal Equivalence Principle/TEP-VOID/results/outputs/step_32_digitization_sensitivity.json
[23:44:17] [TEST] 
========================================================================
[23:44:17] [TEST] SUMMARY: Digitization Sensitivity Table
[23:44:17] [TEST] Label: native mu-space, full covariance
[23:44:17] [TEST] ========================================================================
[23:44:17] [TEST] Sample                  Shift      N   dAIC_Gauss     dAIC_Exp
[23:44:17] [TEST] --------------------------------------------------------------
[23:44:17] [TEST] Full sample (no cut)     -1.0   1701       +198.7       +336.1
[23:44:17] [TEST] Full sample (no cut)     -0.5   1701       +196.5       +332.4
[23:44:17] [TEST] Full sample (no cut)     +0.0   1701       +194.3       +328.7
[23:44:17] [TEST] Full sample (no cut)     +0.5   1701       +192.2       +325.2
[23:44:17] [TEST] Full sample (no cut)     +1.0   1701       +190.1       +321.6
[23:44:17] [TEST] z >= 0.05                -1.0   1053       +104.1       +120.0
[23:44:17] [TEST] z >= 0.05                -0.5   1053       +102.8       +118.5
[23:44:17] [TEST] z >= 0.05                +0.0   1053       +101.5       +117.1
[23:44:17] [TEST] z >= 0.05                +0.5   1053       +100.2       +115.6
[23:44:17] [TEST] z >= 0.05                +1.0   1053        +99.0       +114.2
[23:44:17] [TEST] 
========================================================================
[23:44:17] [TEST] VERIFICATION (zero shift vs published step_32 values, Omega_m = 0.302)
[23:44:17] [TEST] ========================================================================
[23:44:17] [TEST]   full: Gaussian 194.3 (expected 194.3, OK), Exponential 328.7 (expected 328.7, OK)
[23:44:17] [TEST]   z_ge_0.05: Gaussian 101.5 (expected 101.5, OK), Exponential 117.1 (expected 117.1, OK)
[23:44:17] [SUCCESS] All zero-shift values match published results.
[23:44:17] [SUCCESS] Interpretation: DeltaAIC remains strongly positive for all shifts and both curves across both sample cuts. The KBC void H0(z) prediction is rejected at every digitization shift tested, confirming that the falsification is robust to plausible curve-tracing noise.
[23:44:17] [SUCCESS] step_32d completed in 0.4s
