[15:57:59] [INFO] Loaded 513 Pantheon+ SNe Ia.
[15:57:59] [INFO] Loaded 51904 CF4 galaxies.
[15:57:59] [INFO] 
=== 1. CONTINUOUS OPTIMIZATION (Pantheon+) ===
[15:57:59] [INFO] Pantheon+ Best Fit L_T = 55.61 Mpc
[15:57:59] [INFO] Pantheon+ D_T Amplitude = -0.2259 +/- 0.0464 (p=0.0000)
[15:57:59] [INFO] 
=== 1b. LOOK-ELSEWHERE CALIBRATION (null permutation MC) ===
[15:58:10] [INFO] Observed -2*Delta(lnL) = 24.02
[15:58:10] [INFO] Null distribution: median 0.75, max 10.82 over 300 permutations
[15:58:10] [INFO] Global p (look-elsewhere corrected) = 0.0033
[15:58:10] [INFO] 
=== 2. INDEPENDENT CONFIRMATION (CF4) ===
[15:58:10] [INFO] CF4 Best Fit L_T       = 5000.00 Mpc
[15:58:10] [INFO] CF4 D_T Amplitude      = -1.9601 +/- 0.2635 (p=0.0000)
[15:58:10] [INFO] 
--> Structure Scale Convergence: 4944.4 Mpc difference between independent catalogs.
[15:58:10] [INFO] 
=== 3. ZERO-PARAMETER CROSS-PREDICTION (QUANTITATIVE) ===
[15:58:10] [INFO] CF4 N = 51904
[15:58:10] [INFO] RSS (frozen Pantheon+ L_T=55.6, D_T=-0.2259): 11783.69
[15:58:10] [INFO] RSS (null, no dipole):                    11801.50
[15:58:10] [INFO] RSS (1/r kinematic):                      11776.37
[15:58:10] [INFO] RSS (CF4 best-fit L_T=5000.0):        11788.94
[15:58:10] [INFO] Delta RSS (frozen vs null):               17.82
[15:58:10] [INFO] Delta RSS (frozen vs 1/r kinematic):      -7.31
[15:58:10] [INFO] Delta RSS (frozen vs CF4 best):           5.25
[15:58:10] [INFO] 
=== 4. ZERO-PARAMETER CROSS-PREDICTION (VISUAL) ===
[15:58:10] [INFO] Generating radial profile plot comparing CF4 raw data against Pantheon+ prediction...
[15:58:10] [INFO] Plot saved to results/figures/step_66_cross_prediction.png
[15:58:10] [INFO] Saved summary to /Users/matthewsmawfield/www/Temporal Equivalence Principle/TEP-VOID/results/outputs/step_66_cross_dataset_coherence_audit.json
