[18:57:03] [INFO] ================================================================================
[18:57:03] [INFO]    Step 58: Dual-Calibration Peculiar-Velocity Experiment (Gate F)
[18:57:03] [INFO] ================================================================================
[18:57:03] [PROCESS] Parsing CF4 TF Distances (2000 < Vcmb < 15000 km/s)...
[18:57:03] [SUCCESS] Loaded 12222 TF galaxies from CF4.
[18:57:03] [SUCCESS] Found 20 overlapping TF/Anchor galaxies.
[18:57:03] [INFO]   Overlaps: 20 Cepheid, 20 TRGB
[18:57:03] [TEST] Zero-Point Offset (Cepheid): +0.250 mag
[18:57:03] [TEST] Zero-Point Offset (TRGB):    +0.309 mag
[18:57:03] [PROCESS] 
Propagating Zero-Points to Full TF Catalog (Vcmb > 2000 km/s)...
[18:57:03] [INFO] Retained 10866 TF galaxies in the linear flow.
[18:57:03] [PROCESS] 
Fitting H0-Invariant Log-Distance Bulk Flows...
[18:57:04] [TEST] Cepheid-calibrated Flow: B = 290.0 km/s, alpha = -15.9263
[18:57:04] [TEST] TRGB-calibrated Flow:    B = 290.0 km/s, alpha = -15.9857
[18:57:04] [PROCESS] 
Fitting Conventional V_pec Bulk Flows...
[18:57:04] [TEST] Cepheid-calibrated Flow: B = 302.2 km/s
[18:57:04] [TEST] TRGB-calibrated Flow:    B = 335.6 km/s
[18:57:04] [PROCESS] 
Extracting Differential Flow (B_cep - B_trgb)...
[18:57:04] [SUCCESS] Differential Bulk Flow: |Delta B| = 50.4 km/s
[18:57:04] [SUCCESS] Angle to CMB Dipole:    74.0 degrees
[18:57:04] [TEST] Parallel Component:     Delta B_|| = +13.9 km/s
[18:57:04] [TEST] Perpendicular Comp:     |Delta B_perp| = 48.4 km/s
[18:57:04] [WARNING] CONCLUSION: The differential flow is not dominated by the CMB axis.
[18:57:04] [SUCCESS] step_58 completed in 4.0s
[18:57:04] [INFO] 
[18:57:04] [INFO] ================================================================================
[18:57:04] [INFO]    Pipeline complete: 1 succeeded, 0 failed, 4.0s total
[18:57:04] [INFO] ================================================================================
[18:57:04] [INFO] 
