[23:44:17] [TEST] ========================================================================
[23:44:17] [TEST] Omega_m Sensitivity: H0(z) Rejection of KBC Void Curves
[23:44:17] [TEST] Native mu-space, full 1701x1701 STAT+SYS covariance
[23:44:17] [TEST] Omega_m values: [0.28, 0.3, 0.302, 0.315]
[23:44:17] [TEST] Zero digitization shift; KBC curves unchanged
[23:44:17] [TEST] ========================================================================
[23:44:17] [PROCESS] Scientific context: The primary step_32 result rejects the KBC void H0(z) curves using a reference cosmology with Omega_m = 0.302. This sensitivity test addresses whether that rejection depends on the assumed matter density. The reference-cosmology distance modulus mu_ref(z) is recomputed for Omega_m in {0.28, 0.30, 0.302, 0.315}, spanning the range of plausible values. The KBC H0(z) curves themselves are digitized predictions and are not modified. If DeltaAIC remains strongly positive across all Omega_m values, the falsification is robust to the choice of reference matter density.
[23:44:17] [PROCESS] Loaded 1701 rows from Pantheon+SH0ES.dat
[23:44:17] [PROCESS] Loading covariance matrix from Pantheon+SH0ES_STAT+SYS.cov...
[23:44:17] [SUCCESS] Loaded 1701x1701 covariance matrix
[23:44:17] [PROCESS] Valid SNe with zCMB and MU_SH0ES: 1701
[23:44:17] [PROCESS] Loading digitized KBC curves...
[23:44:17] [PROCESS] Precomputing void model s_i (independent of Omega_m)...
[23:44:17] [PROCESS] Precomputing covariance inversions for each sample cut...
[23:44:17] [PROCESS]   Full sample (no cut): N=1701, denom=75296.1496
[23:44:17] [PROCESS]   z >= 0.05: N=1053, denom=26637.3084
[23:44:17] [PROCESS] Methodology: For each Omega_m value, the reference distance modulus mu_ref(z) is recomputed via the comoving-distance integral D_C(z) = integral_0^z dz'/E(z') with E(z) = sqrt(Omega_m*(1+z)^3 + (1-Omega_m)). The data residual d = mu_obs - mu_ref is then used in the native mu-space DeltaAIC computation with the full 1701x1701 STAT+SYS covariance and marginalized zero-point. The void model shift s_i = 5*log10(H_ref/H_KBC(z_i)) is independent of Omega_m and is precomputed once. Two sample cuts are evaluated: full sample and z >= 0.05.
[23:44:17] [TEST] 
========================================================================
[23:44:17] [TEST] Omega_m = 0.280
[23:44:17] [TEST] ========================================================================
[23:44:17] [PROCESS] Computing mu_ref for Omega_m=0.280...
[23:44:17] [PROCESS]   Data residual: mean=-0.0028, std=0.1914, min=-1.0703, max=1.1554
[23:44:17] [TEST]   Full sample (no cut) (N=1701): DeltaAIC_G=+220.1, DeltaAIC_E=+360.7  [chi2_flat=2020.5]
[23:44:17] [TEST]   z >= 0.05 (N=1053): DeltaAIC_G=+118.8, DeltaAIC_E=+134.6  [chi2_flat=923.7]
[23:44:17] [TEST] 
========================================================================
[23:44:17] [TEST] Omega_m = 0.300
[23:44:17] [TEST] ========================================================================
[23:44:17] [PROCESS] Computing mu_ref for Omega_m=0.300...
[23:44:17] [PROCESS]   Data residual: mean=0.0039, std=0.1904, min=-1.0702, max=1.1555
[23:44:17] [TEST]   Full sample (no cut) (N=1701): DeltaAIC_G=+196.6, DeltaAIC_E=+331.6  [chi2_flat=2008.7]
[23:44:17] [TEST]   z >= 0.05 (N=1053): DeltaAIC_G=+103.0, DeltaAIC_E=+118.6  [chi2_flat=919.5]
[23:44:17] [TEST] 
========================================================================
[23:44:17] [TEST] Omega_m = 0.302
[23:44:17] [TEST] ========================================================================
[23:44:17] [PROCESS] Computing mu_ref for Omega_m=0.302...
[23:44:17] [PROCESS]   Data residual: mean=0.0045, std=0.1903, min=-1.0701, max=1.1556
[23:44:17] [TEST]   Full sample (no cut) (N=1701): DeltaAIC_G=+194.3, DeltaAIC_E=+328.7  [chi2_flat=2007.7]
[23:44:17] [TEST]   z >= 0.05 (N=1053): DeltaAIC_G=+101.5, DeltaAIC_E=+117.1  [chi2_flat=919.2]
[23:44:17] [TEST] 
========================================================================
[23:44:17] [TEST] Omega_m = 0.315
[23:44:17] [TEST] ========================================================================
[23:44:17] [PROCESS] Computing mu_ref for Omega_m=0.315...
[23:44:17] [PROCESS]   Data residual: mean=0.0088, std=0.1898, min=-1.0700, max=1.1556
[23:44:17] [TEST]   Full sample (no cut) (N=1701): DeltaAIC_G=+179.4, DeltaAIC_E=+310.3  [chi2_flat=2001.8]
[23:44:17] [TEST]   z >= 0.05 (N=1053): DeltaAIC_G=+91.5, DeltaAIC_E=+106.9  [chi2_flat=917.6]
[23:44:17] [SUCCESS] 
Results saved to /Users/matthewsmawfield/www/Temporal Equivalence Principle/TEP-VOID/results/outputs/step_32_omega_m_sensitivity.json
[23:44:17] [TEST] 
========================================================================
[23:44:17] [TEST] SUMMARY: Omega_m Sensitivity Table
[23:44:17] [TEST] Label: native mu-space, full covariance, zero shift
[23:44:17] [TEST] ========================================================================
[23:44:17] [TEST]  Omega_m Sample                      N   dAIC_Gauss     dAIC_Exp  chi2_flat   chi2_v_G   chi2_v_E
[23:44:17] [TEST] -------------------------------------------------------------------------------------------------
[23:44:17] [TEST]    0.280 Full sample (no cut)     1701       +220.1       +360.7     2020.5     2240.6     2381.1
[23:44:17] [TEST]    0.280 z >= 0.05                1053       +118.8       +134.6      923.7     1042.5     1058.3
[23:44:17] [TEST]    0.300 Full sample (no cut)     1701       +196.6       +331.6     2008.7     2205.3     2340.3
[23:44:17] [TEST]    0.300 z >= 0.05                1053       +103.0       +118.6      919.5     1022.5     1038.1
[23:44:17] [TEST]    0.302 Full sample (no cut)     1701       +194.3       +328.7     2007.7     2202.0     2336.4
[23:44:17] [TEST]    0.302 z >= 0.05                1053       +101.5       +117.1      919.2     1020.6     1036.2
[23:44:17] [TEST]    0.315 Full sample (no cut)     1701       +179.4       +310.3     2001.8     2181.2     2312.0
[23:44:17] [TEST]    0.315 z >= 0.05                1053        +91.5       +106.9      917.6     1009.1     1024.5
[23:44:17] [TEST] 
========================================================================
[23:44:17] [TEST] VERIFICATION (Omega_m=0.315 vs published step_32 values)
[23:44:17] [TEST] ========================================================================
[23:44:17] [TEST]   full: Gaussian 179.4 (expected 179.4, OK), Exponential 310.3 (expected 310.3, OK)
[23:44:17] [TEST]   z_ge_0.05: Gaussian 91.5 (expected 91.5, OK), Exponential 106.9 (expected 106.9, OK)
[23:44:17] [SUCCESS] All Omega_m=0.315 values match published results.
[23:44:17] [TEST] 
========================================================================
[23:44:17] [TEST] ROBUSTNESS ASSESSMENT
[23:44:17] [TEST] ========================================================================
[23:44:17] [TEST]   Full sample (no cut): Gaussian DeltaAIC range [179.4, 220.1], spread=40.7; Exponential range [310.3, 360.7], spread=50.4
[23:44:17] [TEST]     All Gaussian DeltaAIC > 0: True, All Exponential DeltaAIC > 0: True
[23:44:17] [TEST]   z >= 0.05: Gaussian DeltaAIC range [91.5, 118.8], spread=27.3; Exponential range [106.9, 134.6], spread=27.7
[23:44:17] [TEST]     All Gaussian DeltaAIC > 0: True, All Exponential DeltaAIC > 0: True
[23:44:17] [TEST] 
========================================================================
[23:44:17] [TEST] R_H = H0(z > 0.25) / H0(0.05 <= z < 0.15) at Omega_m = 0.302
[23:44:17] [TEST] ========================================================================
[23:44:17] [TEST]   Low-z  (0.05 <= z < 0.15): H0 = 73.076 +/- 0.363 (N=178)
[23:44:17] [TEST]   High-z (z > 0.25):         H0 = 73.754 +/- 0.295 (N=614)
[23:44:17] [TEST]   R_H = 1.0093 +/- 0.0062
[23:44:17] [TEST]   Z(flat) = 1.50
[23:44:17] [TEST]   Z(KBC Gaussian) = 9.17
[23:44:17] [TEST]   Z(KBC Exponential) = 10.22
[23:44:17] [SUCCESS] 
R_H results saved to /Users/matthewsmawfield/www/Temporal Equivalence Principle/TEP-VOID/results/outputs/step_32_rh_full_sample.json
[23:44:17] [SUCCESS] Interpretation: DeltaAIC remains strongly positive for all Omega_m values and both curves across both sample cuts. The KBC void H0(z) prediction is rejected at every reference matter density tested, confirming that the falsification is robust to the assumed cosmological parameters.
[23:44:17] [SUCCESS] step_32m completed in 0.4s
