[12:00:43] [INFO] ======================================================================
[12:00:43] [INFO] Step 32b (Proper Replication): Jia et al. with MCMC + PCA
[12:00:43] [INFO] Using Jia's actual code as reference
[12:00:43] [INFO] ======================================================================
[12:00:43] [PROCESS] Scientific context: This is a proper replication of Jia, Hu & Wang (2023) using their actual code (github.com/JoJo20221003/Hz-Code) as reference. Key findings from their code: (1) the equal-width analysis uses 8 bins [0, 0.1, 0.2, 0.3, 0.4, 0.55, 0.7, 1.0, 2.4], not the 10 bins stated in the paper; (2) the code combines SN + H(z) data (BAO is embedded in the H(z) file); (3) the full 1701x1701 STAT+SYS covariance is used; (4) MCMC with emcee is used for posterior sampling; (5) PCA decorrelation is applied in a separate step. The critical question is whether the declining H0(z) comes from the SN data or from the H(z) data.
[12:00:43] [PROCESS]   Loaded 1701 Pantheon+ SNe
[12:00:43] [PROCESS]   Loading Pantheon+SH0ES_STAT+SYS.cov...
[12:00:44] [SUCCESS]   Loaded 1701x1701 covariance matrix
[12:00:44] [PROCESS]   Inverting covariance submatrix...
[12:00:44] [PROCESS]   Loading H(z) data from /tmp/Hz-Code/Data/Hz data.txt
[12:00:44] [SUCCESS]   Loaded 59 H(z) measurements
[12:00:44] [INFO] 
[12:00:44] [TEST]   === Test A: SN-only (optimization, full cov, 8 bins) ===
[12:00:44] [PROCESS]   Fitting SN-only (opt, full cov)...
[12:00:47] [TEST]     z=[0.00,0.10]: H0=72.26 +/- 0.16
[12:00:47] [TEST]     z=[0.10,0.20]: H0=76.52 +/- 0.68
[12:00:47] [TEST]     z=[0.20,0.30]: H0=71.17 +/- 1.16
[12:00:47] [TEST]     z=[0.30,0.40]: H0=76.31 +/- 2.55
[12:00:47] [TEST]     z=[0.40,0.55]: H0=79.31 +/- 3.36
[12:00:47] [TEST]     z=[0.55,0.70]: H0=81.96 +/- 6.67
[12:00:47] [TEST]     z=[0.70,1.00]: H0=50.00 +/- 6.96
[12:00:47] [TEST]     z=[1.00,2.40]: H0=83.98 +/- 12.51
[12:00:47] [TEST]     chi2 = 1973.5
[12:00:47] [TEST]     Decline (high-z - low-z): -1.34 km/s/Mpc
[12:00:47] [INFO] 
[12:00:47] [TEST]   === Test B: SN + H(z) (optimization, full cov, 8 bins) ===
[12:00:47] [PROCESS]   Fitting SN+H(z) (opt, full cov)...
[12:00:50] [TEST]     z=[0.00,0.10]: H0=72.56 +/- 0.16
[12:00:50] [TEST]     z=[0.10,0.20]: H0=75.78 +/- 0.60
[12:00:50] [TEST]     z=[0.20,0.30]: H0=74.20 +/- 0.91
[12:00:50] [TEST]     z=[0.30,0.40]: H0=70.15 +/- 0.80
[12:00:50] [TEST]     z=[0.40,0.55]: H0=68.74 +/- 0.56
[12:00:50] [TEST]     z=[0.55,0.70]: H0=69.69 +/- 0.75
[12:00:50] [TEST]     z=[0.70,1.00]: H0=70.36 +/- 3.02
[12:00:50] [TEST]     z=[1.00,2.40]: H0=64.58 +/- 1.14
[12:00:50] [TEST]     chi2 = 2071.4
[12:00:50] [TEST]     Decline (high-z - low-z): -5.97 km/s/Mpc
[12:00:50] [INFO] 
[12:00:50] [TEST]   === Test C: SN-only (MCMC, full cov, 8 bins) ===
[12:00:51] [PROCESS]   Running MCMC for SN-only (MCMC)...
[12:01:25] [TEST]     z=[0.00,0.10]: H0=72.31 +/- 0.23
[12:01:25] [TEST]     z=[0.10,0.20]: H0=76.42 +/- 0.94
[12:01:25] [TEST]     z=[0.20,0.30]: H0=71.36 +/- 1.48
[12:01:25] [TEST]     z=[0.30,0.40]: H0=76.84 +/- 2.12
[12:01:25] [TEST]     z=[0.40,0.55]: H0=78.07 +/- 1.88
[12:01:25] [TEST]     z=[0.55,0.70]: H0=76.31 +/- 3.43
[12:01:25] [TEST]     z=[0.70,1.00]: H0=62.37 +/- 7.13
[12:01:25] [TEST]     z=[1.00,2.40]: H0=70.36 +/- 7.05
[12:01:25] [TEST]     Decline (high-z - low-z): -3.68 km/s/Mpc
[12:01:25] [INFO] 
[12:01:25] [TEST]   === Test D: SN + H(z) (MCMC, full cov, 8 bins) ===
[12:01:25] [PROCESS]   Running MCMC for SN+H(z) (MCMC)...
[12:05:02] [TEST]     z=[0.00,0.10]: H0=72.57 +/- 0.22
[12:05:02] [TEST]     z=[0.10,0.20]: H0=75.80 +/- 0.85
[12:05:02] [TEST]     z=[0.20,0.30]: H0=74.19 +/- 1.28
[12:05:02] [TEST]     z=[0.30,0.40]: H0=70.18 +/- 1.12
[12:05:02] [TEST]     z=[0.40,0.55]: H0=68.74 +/- 0.80
[12:05:02] [TEST]     z=[0.55,0.70]: H0=69.70 +/- 1.09
[12:05:02] [TEST]     z=[0.70,1.00]: H0=69.88 +/- 3.97
[12:05:02] [TEST]     z=[1.00,2.40]: H0=64.65 +/- 1.58
[12:05:02] [TEST]     Decline (high-z - low-z): -6.11 km/s/Mpc
[12:05:02] [INFO] 
[12:05:02] [TEST]   === Test E: PCA decorrelation (SN+H(z) MCMC) ===
[12:05:02] [PROCESS]   Applying PCA decorrelation (Jia Eq. 19-22)...
[12:05:02] [TEST]     z=[0.00,0.10]: H0_decor=72.94 +/- 0.14
[12:05:02] [TEST]     z=[0.10,0.20]: H0_decor=74.36 +/- 0.36
[12:05:02] [TEST]     z=[0.20,0.30]: H0_decor=73.54 +/- 0.51
[12:05:02] [TEST]     z=[0.30,0.40]: H0_decor=71.20 +/- 0.63
[12:05:02] [TEST]     z=[0.40,0.55]: H0_decor=69.24 +/- 0.65
[12:05:02] [TEST]     z=[0.55,0.70]: H0_decor=69.82 +/- 0.87
[12:05:02] [TEST]     z=[0.70,1.00]: H0_decor=69.34 +/- 2.57
[12:05:02] [TEST]     z=[1.00,2.40]: H0_decor=65.16 +/- 1.33
[12:05:02] [TEST]     Decline (decorrelated): -5.51 km/s/Mpc
[12:05:02] [PROCESS]   Computing trend significance (Jia's null hypothesis method)...
[12:05:03] [TEST]     Data slope: -5.0088
[12:05:03] [TEST]     Mock slope: -0.0359 +/- 1.7548
[12:05:03] [TEST]     Significance: 2.83 sigma
[12:05:03] [INFO] 
[12:05:03] [TEST]   === Significance: SN-only (MCMC, correlated) ===
[12:05:03] [PROCESS]   Computing trend significance (Jia's null hypothesis method)...
[12:05:04] [TEST]     Data slope: 6.4084
[12:05:04] [TEST]     Mock slope: -0.0655 +/- 3.5209
[12:05:04] [TEST]     Significance: 1.84 sigma
[12:05:04] [INFO] 
[12:05:04] [TEST]   === Significance: SN+H(z) (MCMC, correlated) ===
[12:05:04] [PROCESS]   Computing trend significance (Jia's null hypothesis method)...
[12:05:05] [TEST]     Data slope: -5.3349
[12:05:05] [TEST]     Mock slope: -0.0284 +/- 1.5745
[12:05:05] [TEST]     Significance: 3.37 sigma
[12:05:05] [INFO] 
[12:05:05] [INFO] ======================================================================
[12:05:05] [INFO] SUMMARY
[12:05:05] [INFO] ======================================================================
[12:05:05] [TEST]   SN-only (opt):     decline = -1.34 km/s/Mpc
[12:05:05] [TEST]   SN+H(z) (opt):     decline = -5.97 km/s/Mpc
[12:05:05] [TEST]   SN-only (MCMC):    decline = -3.68 km/s/Mpc
[12:05:05] [TEST]   SN+H(z) (MCMC):    decline = -6.11 km/s/Mpc
[12:05:05] [TEST]   SN+H(z) (decor):   decline = -5.51 km/s/Mpc
[12:05:05] [TEST]   Significance (SN-only, correlated):  1.84 sigma
[12:05:05] [TEST]   Significance (SN+H(z), correlated):  3.37 sigma
[12:05:05] [TEST]   Significance (SN+H(z), decorrelated): 2.83 sigma
[12:05:05] [INFO] 
[12:05:05] [SUCCESS] INTERPRETATION: The declining H0(z) trend IS present when H(z) data is added to the SN data. The decline is driven by the H(z) data, not by the Pantheon+ SN distance moduli alone. The SN-only configuration does not show a significant decline, consistent with Jia et al.'s own statement that the SN-only case has 'poor constraints' at high redshift. The apparent KBC-Jia agreement is therefore not independent support from the SN data; it requires the H(z) cosmic chronometer and BAO data.
[12:05:06] [SUCCESS]   Figure saved to /Users/matthewsmawfield/www/Temporal Equivalence Principle/TEP-VOID/results/figures/step_32b_jia_proper_replication.png
[12:05:06] [SUCCESS]   Summary saved to /Users/matthewsmawfield/www/Temporal Equivalence Principle/TEP-VOID/results/outputs/step_32b_jia_proper_replication.json
[12:05:06] [SUCCESS] Step 32b proper replication complete
