[19:42:20] [INFO] 
[19:42:20] [INFO] ================================================================================
[19:42:20] [INFO]    ============================================================
[19:42:20] [INFO] ================================================================================
[19:42:20] [INFO] 
[19:42:20] [INFO] 
[19:42:20] [INFO] ================================================================================
[19:42:20] [INFO]    Step 36: Xi Regression — Δμ vs Potential Coordinate
[19:42:20] [INFO] ================================================================================
[19:42:20] [INFO] 
[19:42:20] [INFO] 
[19:42:20] [INFO] ================================================================================
[19:42:20] [INFO]    ============================================================
[19:42:20] [INFO] ================================================================================
[19:42:20] [INFO] 
[19:42:20] [INFO] This step tests whether the Cepheid-TRGB distance divergence scales with the TEP gravitational potential coordinate X_i across the 22-galaxy CF4 matched sample, rather than splitting by provenance (R22 vs non-R22). TEP predicts Delta_mu = kappa_mu * X_i with a non-zero negative slope, while a pipeline-offset systematic would produce a constant offset independent of X_i (slope approximately zero). The key discriminating observable is the weighted regression slope of Delta_mu versus X_i, with TEP requiring a statistically significant non-zero slope of the predicted sign.
[19:42:20] [PROCESS] Loading CF4 matched galaxy sample...
[19:42:21] [SUCCESS]   22 galaxies with both Cepheid and TRGB
[19:42:21] [PROCESS] Loading rotation velocity catalog...
[19:42:21] [SUCCESS]   22 galaxies with rotation velocities
[19:42:21] [PROCESS] Merging CF4 distances with rotation velocities...
[19:42:21] [SUCCESS]   22 galaxies matched
[19:42:22] [SUCCESS] 
Final sample: 22 galaxies with Δμ, vrot, and X_i
[19:42:22] [TEST] 
--- Galaxy Summary ---
[19:42:22] [TEST]   PGC  40809 [R22] NGC 4424                  vrot=  28.6  X_i=-1.0232e-08  Δμ=-0.1560 ± 0.1565
[19:42:22] [TEST]   PGC    143 [   ] WLM                       vrot=  26.2  X_i=-6.5363e-09  Δμ=-0.0100 ± 0.0787
[19:42:22] [TEST]   PGC   3844 [   ] IC 1613                   vrot=  26.8  X_i=-6.3594e-09  Δμ=-0.0800 ± 0.0675
[19:42:22] [TEST]   PGC  45314 [   ] IC 4182                   vrot=  39.4  X_i=-1.7190e-09  Δμ=+0.0890 ± 0.0721
[19:42:22] [TEST]   PGC   1014 [   ] NGC 0055                  vrot=  58.7  X_i=+8.8141e-09  Δμ=-0.1760 ± 0.0431
[19:42:22] [TEST]   PGC  39600 [   ] NGC 4258                  vrot= 212.9  X_i=+1.3772e-08  Δμ=-0.0370 ± 0.0982
[19:42:22] [TEST]   PGC  13179 [R22] NGC 1365                  vrot= 198.3  X_i=+1.7925e-08  Δμ=-0.0220 ± 0.1060
[19:42:22] [TEST]   PGC   2758 [   ] NGC 0247                  vrot=  84.5  X_i=+2.9368e-08  Δμ=-0.1930 ± 0.0421
[19:42:22] [TEST]   PGC  73049 [   ] NGC 7793                  vrot=  85.9  X_i=+3.0695e-08  Δμ=-0.1310 ± 0.0894
[19:42:22] [TEST]   PGC   3238 [   ] NGC 0300                  vrot=  89.4  X_i=+3.4108e-08  Δμ=-0.2610 ± 0.0922
[19:42:22] [TEST]   PGC  63616 [   ] NGC 6822                  vrot=  92.4  X_i=+3.7143e-08  Δμ=-0.2330 ± 0.0728
[19:42:22] [TEST]   PGC   5818 [   ] NGC 0598 (M33)            vrot= 100.1  X_i=+4.5389e-08  Δμ=-0.1940 ± 0.0923
[19:42:22] [TEST]   PGC   9332 [   ] NGC 0925                  vrot= 105.6  X_i=+4.8001e-08  Δμ=-0.0710 ± 0.0721
[19:42:22] [TEST]   PGC  32007 [   ] NGC 3351 (M95)            vrot= 150.7  X_i=+4.9208e-08  Δμ=+0.0290 ± 0.0949
[19:42:22] [TEST]   PGC  21396 [   ] NGC 2403                  vrot= 120.2  X_i=+6.5252e-08  Δμ=+0.0390 ± 0.1118
[19:42:22] [TEST]   PGC  32192 [   ] NGC 3368 (M96)            vrot= 202.2  X_i=+9.6875e-08  Δμ=-0.1110 ± 0.1082
[19:42:22] [TEST]   PGC  34695 [   ] NGC 3627 (M66)            vrot= 174.7  X_i=+1.0794e-07  Δμ=-0.2310 ± 0.1281
[19:42:22] [TEST]   PGC  51969 [R22] NGC 5643                  vrot= 171.2  X_i=+1.1308e-07  Δμ=+0.1260 ± 0.1217
[19:42:22] [TEST]   PGC  13727 [R22] NGC 1448                  vrot= 185.1  X_i=+1.3770e-07  Δμ=-0.0430 ± 0.0973
[19:42:22] [TEST]   PGC  37967 [R22] NGC 4038                  vrot= 169.1  X_i=+1.3787e-07  Δμ=-0.0670 ± 0.1818
[19:42:22] [TEST]   PGC   2557 [   ] M 31                      vrot= 256.7  X_i=+1.6247e-07  Δμ=-0.1330 ± 0.1198
[19:42:22] [TEST]   PGC  50063 [R22] M 101                     vrot= 274.1  X_i=+3.2776e-07  Δμ=+0.1080 ± 0.0899
[19:42:22] [PROCESS] Methodology: Weighted linear regression Delta_mu = slope * X_i + intercept is performed on the full CF4 matched sample, with weights = 1/delta_mu_err^2. The TEP-predicted slope is -kappa_Cep (negative, as deeper potentials yield shorter Cepheid distances). Both screened (S_total * U_i) and unscreened (U_i) potential coordinates are evaluated to assess screening sensitivity.
[19:42:22] [PROCESS] Running Xi regression...
[19:42:22] [TEST]   Weighted fit: Δμ = (5.3556e+05 ± 2.5438e+05) · X_i + (-0.1298 ± 0.0207)
[19:42:22] [TEST]   Slope significance: 2.11σ
[19:42:22] [TEST]   Pearson r: +0.3026 (p=0.1710)
[19:42:22] [TEST]   Spearman ρ: +0.1508 (p=0.5030)
[19:42:22] [TEST]   R² = 0.0693, χ²/dof = 1.71
[19:42:22] [TEST]   TEP predicted slope: -3.6500e+05 (default), -4.0000e+05 (joint), -4.5200e+05 (WLS), -9.6000e+05 (canonical)
[19:42:22] [TEST]   vs TEP (default): |slope - pred| / σ = 3.54σ
[19:42:22] [TEST]   vs TEP (joint): |slope - pred| / σ = 3.68σ
[19:42:22] [TEST]   vs TEP (wls): |slope - pred| / σ = 3.88σ
[19:42:22] [TEST]   vs TEP (canonical): |slope - pred| / σ = 5.88σ
[19:42:22] [TEST]   Unscreened fit: slope = 4.0324e+05 ± 1.6638e+05 (2.42σ)
[19:42:22] [TEST] Sign test: 17/22 galaxies with Δμ < 0 (2.39σ, p=0.0085)
[19:42:22] [TEST] Interpretation: The full-sample regression slope of 5.3556e+05 ± 2.5438e+05 (2.11σ) is compared against the TEP-predicted slope of -3.6500e+05 (default). A non-zero slope with the correct (negative) sign supports the TEP interpretation, while a slope consistent with zero supports a pipeline-offset systematic.
[19:42:22] [PROCESS] 
Running Xi regression by subset...
[19:42:22] [TEST]   r22_matched (screened, N=6): slope = 5.1764e+05 ± 3.8856e+05 (1.33σ), r = +0.6555
[19:42:22] [TEST]   r22_matched (unscreened, N=6): slope = 5.2204e+05 ± 3.7616e+05 (1.39σ), r = +0.7189
[19:42:22] [TEST]   non_r22 (screened, N=16): slope = -5.4650e+05 ± 5.6043e+05 (0.98σ), r = -0.2511
[19:42:22] [TEST]   non_r22 (unscreened, N=16): slope = 7.2937e+04 ± 2.4277e+05 (0.30σ), r = -0.0280
[19:42:22] [PROCESS] 
Checking mass/potential confound...
[19:42:22] [TEST]   R22-matched (N=6): mean X_i = 1.2068e-07, median vrot = 178.1 km/s
[19:42:22] [TEST]   Non-R22 (N=16): mean X_i = 4.4651e-08, median vrot = 96.2 km/s
[19:42:22] [TEST]   Welch's t-test on X_i: t = 1.52, p = 0.1833
[19:42:22] [TEST]   R22-matched: mean Δμ = -0.0090 mag
[19:42:22] [TEST]   Non-R22: mean Δμ = -0.1065 mag
[19:42:22] [TEST]   R22 mean vrot = 171.1 km/s
[19:42:22] [TEST]   Non-R22 mean vrot = 114.1 km/s
[19:42:22] [PROCESS] 
Running leave-one-out on weighted mean Δμ...
[19:42:22] [TEST]   Full weighted mean: -0.1053 ± 0.0172 (6.13σ)
[19:42:22] [TEST]   Most influential: PGC 2758 — Δμ changes from -0.1053 to -0.0878 (6.13σ → 4.66σ)
[19:42:22] [TEST]   LOO sigma range: 4.66σ to 6.61σ
[19:42:22] [PROCESS] 
Running leave-one-out on Xi regression slope...
[19:42:22] [TEST]   Student-t (nu=4) robust slope: 5.3556e+05
[19:42:22] [TEST]   Full slope: 5.3556e+05
[19:42:22] [TEST]   Most influential on slope: PGC 50063 — slope 5.3556e+05 → 1.0421e+05 (0.24σ)
[19:42:22] [TEST]   M101 (PGC 50063) excluded: slope=1.0421e+05 ± 4.3732e+05 (0.24σ)
[19:42:22] [PROCESS] Methodology: Sensitivity analysis comprises (1) simple regression with M101 and NGC 5643 excluded, (2) hierarchical regression Delta_mu = beta * X_i + gamma * I_R22 + alpha with a pipeline-offset indicator, and (3) Student-t (nu=4) robust regression via iteratively reweighted least squares to assess outlier influence on the slope.
[19:42:22] [PROCESS] 
Running sensitivity analysis (Table 3b)...
[19:42:22] [TEST]   Excl. M101+NGC5643 (N=20): slope = -1.5526e+05 ± 4.5609e+05 (0.34σ)
[19:42:22] [TEST]   Hierarchical (full, N=22): β=1.7217e+05±3.1932e+05 (0.54σ), γ=+0.1189±0.0631 (1.88σ)
[19:42:22] [TEST]   Hierarchical (excl, N=20): β=-3.4828e+05±4.8195e+05 (0.72σ)
[19:42:22] [TEST]   Student-t (ν=4, full, N=22): β=2.9482e+05±2.9896e+05 (0.99σ), γ=+0.1150±0.0591 (1.95σ)
[19:42:22] [PROCESS] 
Running power calculation for N=6 R22-matched test...
[19:42:22] [TEST]   To detect 0.02 mag at 80% power: N ≈ 172
[19:42:22] [TEST]   To detect 0.03 mag at 80% power: N ≈ 77
[19:42:22] [TEST]   To detect 0.05 mag at 80% power: N ≈ 28
[19:42:22] [TEST]   N=6 minimum detectable effect (80% power): 0.107 mag
[19:42:22] [TEST]   Typical per-galaxy error: 0.094 mag
[19:42:22] [PROCESS] Loading TEP-H0 raw data for comparison...
[19:42:22] [SUCCESS]   18 TEP-H0 galaxies (excluding anchors)
[19:42:22] [INFO]   Screening factors loaded from TEP-H0 Step 03
[19:42:22] [PROCESS] 
Running Xi regression on TEP-H0 raw data (screened)...
[19:42:22] [TEST]   TEP-H0 (screened): slope = -1.0137e+05 ± 3.7869e+05 (0.27σ), r = +0.0187
[19:42:22] [TEST]     Sign: NEGATIVE (correct for TEP)
[19:42:22] [TEST]   TEP-H0 (unscreened): slope = -1.1717e+05 ± 2.8745e+05 (0.41σ), r = +0.0372
[19:42:22] [TEST]     Sign: NEGATIVE (correct for TEP)
[19:42:22] [TEST]   TEP predicted slope: -3.6500e+05 (default), -4.0000e+05 (joint), -4.5200e+05 (WLS)
[19:42:22] [SUCCESS] Interpretation: The Xi regression on 22 galaxies yields a slope of 5.3556e+05 ± 2.5438e+05. The leave-one-out analysis identifies PGC 50063 as the most influential galaxy for the slope. The mass/potential confound check (Welch p = 0.1833) assesses whether R22 and non-R22 subsamples have comparable X_i distributions. Under TEP, the slope should be non-zero with negative sign; under a pipeline-offset systematic, the slope should be consistent with zero.
[19:42:23] [SUCCESS] Figure saved to /Users/matthewsmawfield/www/Temporal Equivalence Principle/TEP-VOID/results/figures/step_36_xi_regression.png
[19:42:23] [SUCCESS] 
Summary saved to /Users/matthewsmawfield/www/Temporal Equivalence Principle/TEP-VOID/results/outputs/step_36_xi_regression.json
[19:42:23] [SUCCESS] Galaxy table CSV saved to /Users/matthewsmawfield/www/Temporal Equivalence Principle/TEP-VOID/results/outputs/step_36_22galaxy_table.csv
[19:42:23] [SUCCESS] Step 36 complete
[19:42:23] [SUCCESS] step_36 completed in 2.2s
[19:42:23] [INFO] 
[19:42:23] [INFO] ================================================================================
[19:42:23] [INFO]    Pipeline complete: 12 succeeded, 0 failed, 305.1s total
[19:42:23] [INFO] ================================================================================
[19:42:23] [INFO] 
