[19:55:53] [INFO] 
[19:55:53] [INFO] ================================================================================
[19:55:53] [INFO]    Step 55: Directional Pantheon+ Hemisphere Split
[19:55:53] [INFO] ================================================================================
[19:55:53] [INFO] 
[19:55:53] [PROCESS] Testing for CMB-dipole-aligned Hubble residual pattern
[19:55:53] [PROCESS] Loading Pantheon+ sample...
[19:55:53] [SUCCESS]   1053 Hubble-flow SNe (z >= 0.05)
[19:55:53] [SUCCESS]   CMB dipole projection computed for 1053 SNe
[19:55:53] [INFO]   Mean cmb_dot = -0.359
[19:55:53] [INFO]   Toward CMB: 296, Away: 757
[19:55:53] [PROCESS] 
--- Analysis 1: Hemisphere split ---
[19:56:12] [TEST]   Toward CMB (N=296): HR = -0.0000 ± 0.0113
[19:56:12] [TEST]   Away from CMB (N=757): HR = -0.0000 ± 0.0071
[19:56:12] [TEST]   Difference: -0.0000 ± 0.0134 (0.00σ, p=0.6167)
[19:56:12] [TEST]   Equivalent ΔH0: 0.00 km/s/Mpc
[19:56:12] [PROCESS] 
--- Analysis 2: Directional correlation ---
[19:59:39] [TEST]   r(HR, cmb_dot) = +0.0024 (p=0.9385)
[19:59:39] [TEST]   Weighted r = +0.0013
[19:59:39] [TEST]   Permutation: p_two=0.9581, p_one=0.3475
[19:59:39] [PROCESS] 
--- Analysis 3: 3-D vector dipole fit ---
[19:59:55] [TEST]   Dipole amplitude: 0.0000 mag (0 km/s equiv)
[19:59:55] [TEST]   Direction: l=278.2°, b=-16.1°
[19:59:55] [TEST]   Angular separation from CMB: 65.5°
[19:59:55] [TEST]   Permutation: p=0.7921 (-0.74σ)
[19:59:55] [PROCESS] 
--- Analysis 4: H0 by hemisphere ---
[19:59:55] [TEST]   toward (N=296): HR = -0.00000 ± 0.01130, H0 = 73.04 ± 0.38 km/s/Mpc
[19:59:55] [TEST]   away (N=757): HR = -0.00000 ± 0.00712, H0 = 73.04 ± 0.24 km/s/Mpc
[19:59:55] [TEST]   all (N=1053): HR = -0.00000 ± 0.00602, H0 = 73.04 ± 0.20 km/s/Mpc
[19:59:55] [TEST]   ΔH0 (toward - away) = +0.000 ± 0.449 km/s/Mpc (0.00σ)
[19:59:55] [PROCESS] 
--- Analysis 5: Joint model with F-test ---
[19:59:55] [TEST]   Full model (direction + z): R² = 0.0002, b = +0.0000
[19:59:55] [TEST]   Reduced model (z only): R² = 0.0002
[19:59:55] [TEST]   F-test: F=0.00, p=0.9980, ΔR²=0.0000
[19:59:55] [PROCESS] 
--- Generating sky figure ---
[19:59:57] [SUCCESS]   Figure saved to /Users/matthewsmawfield/www/Temporal Equivalence Principle/TEP-VOID/results/figures/step_55_directional_pantheon.png
[19:59:57] [SUCCESS] 
Results saved to /Users/matthewsmawfield/www/Temporal Equivalence Principle/TEP-VOID/results/outputs/step_55_directional_pantheon.json
[19:59:57] [SUCCESS] step_55 completed in 243.9s
[19:59:57] [INFO] 
[19:59:57] [INFO] ================================================================================
[19:59:57] [INFO]    Starting step_56: 2D geometric prediction: V_rot^4/R^2 vs V_rot^2 for Cepheid distance offset
[19:59:57] [INFO] ================================================================================
[19:59:57] [INFO] 
