[23:48:44] [INFO] Loaded 513 SNe Ia (Hubble flow, 0.01 < zHD < 0.1).
[23:48:44] [INFO] 
=== FINITE COHERENCE KERNEL FIT (CMB Axis) ===
[23:48:44] [INFO]  L_T (Mpc) |     Coef |  P-Value |    LogLike |        AIC |        BIC
[23:48:44] [INFO] ---------------------------------------------------------------------------
[23:48:44] [INFO]        0.0 |  -0.0996 |   0.0000 |    -171.68 |     379.36 |     455.68
[23:48:44] [INFO]        5.0 |  -0.0996 |   0.0000 |    -171.68 |     379.36 |     455.68
[23:48:44] [INFO]       10.0 |  -0.0999 |   0.0000 |    -171.67 |     379.35 |     455.67
[23:48:44] [INFO]       20.0 |  -0.1032 |   0.0000 |    -171.64 |     379.29 |     455.61
[23:48:44] [INFO]       30.0 |  -0.1095 |   0.0000 |    -171.66 |     379.32 |     455.64
[23:48:44] [INFO]       40.0 |  -0.1170 |   0.0000 |    -171.73 |     379.45 |     455.78
[23:48:44] [INFO]       50.0 |  -0.1253 |   0.0000 |    -171.82 |     379.64 |     455.97
[23:48:44] [INFO]       75.0 |  -0.1470 |   0.0000 |    -172.07 |     380.14 |     456.46
[23:48:44] [INFO]      100.0 |  -0.1694 |   0.0000 |    -172.28 |     380.56 |     456.88
[23:48:44] [INFO]      150.0 |  -0.2148 |   0.0000 |    -172.58 |     381.16 |     457.48
[23:48:44] [INFO]      200.0 |  -0.2604 |   0.0000 |    -172.77 |     381.55 |     457.87
[23:48:44] [INFO]      300.0 |  -0.3519 |   0.0001 |    -173.01 |     382.02 |     458.35
[23:48:44] [INFO]      500.0 |  -0.5349 |   0.0001 |    -173.24 |     382.48 |     458.80
[23:48:44] [INFO]     1000.0 |  -0.9926 |   0.0001 |    -173.43 |     382.87 |     459.19
[23:48:44] [INFO]     5000.0 |  -4.6536 |   0.0001 |    -173.61 |     383.21 |     459.54
[23:48:44] [INFO] 
--> BEST FIT (Lowest BIC) for CMB: L_T = 20.0 Mpc (BIC = 455.61)
[23:48:44] [INFO] 
=== FINITE COHERENCE KERNEL FIT (CF4 Axis) ===
[23:48:44] [INFO]  L_T (Mpc) |     Coef |  P-Value |    LogLike |        AIC |        BIC
[23:48:44] [INFO] ---------------------------------------------------------------------------
[23:48:44] [INFO]        0.0 |  -0.1522 |   0.0000 |    -170.20 |     376.40 |     452.73
[23:48:44] [INFO]        5.0 |  -0.1522 |   0.0000 |    -170.20 |     376.40 |     452.73
[23:48:44] [INFO]       10.0 |  -0.1532 |   0.0000 |    -170.18 |     376.36 |     452.68
[23:48:44] [INFO]       20.0 |  -0.1630 |   0.0000 |    -169.93 |     375.85 |     452.18
[23:48:44] [INFO]       30.0 |  -0.1790 |   0.0000 |    -169.65 |     375.30 |     451.62
[23:48:44] [INFO]       40.0 |  -0.1970 |   0.0000 |    -169.49 |     374.97 |     451.30
[23:48:44] [INFO]       50.0 |  -0.2155 |   0.0000 |    -169.42 |     374.84 |     451.16
[23:48:44] [INFO]       75.0 |  -0.2618 |   0.0000 |    -169.47 |     374.94 |     451.27
[23:48:44] [INFO]      100.0 |  -0.3075 |   0.0000 |    -169.63 |     375.25 |     451.58
[23:48:44] [INFO]      150.0 |  -0.3978 |   0.0000 |    -169.94 |     375.87 |     452.20
[23:48:44] [INFO]      200.0 |  -0.4871 |   0.0000 |    -170.18 |     376.35 |     452.68
[23:48:44] [INFO]      300.0 |  -0.6647 |   0.0000 |    -170.49 |     376.97 |     453.30
[23:48:44] [INFO]      500.0 |  -1.0183 |   0.0000 |    -170.80 |     377.59 |     453.92
[23:48:44] [INFO]     1000.0 |  -1.9002 |   0.0000 |    -171.07 |     378.15 |     454.47
[23:48:44] [INFO]     5000.0 |  -8.9486 |   0.0000 |    -171.32 |     378.65 |     454.97
[23:48:44] [INFO] 
--> BEST FIT (Lowest BIC) for CF4: L_T = 50.0 Mpc (BIC = 451.16)
[23:48:44] [INFO] Saved summary to /Users/matthewsmawfield/www/Temporal Equivalence Principle/TEP-VOID/results/outputs/step_65_finite_coherence_audit.json
[23:48:44] [SUCCESS] step_65 completed in 0.1s
