[20:54:30] [INFO] 
[20:54:30] [INFO] ================================================================================
[20:54:30] [INFO]    Step 11: Indicator Divergence vs Gravitational Potential
[20:54:30] [INFO] ================================================================================
[20:54:30] [INFO] 
[20:54:30] [PROCESS] Scientific question: does the Cepheid-TRGB distance divergence scale with the depth of the host galaxy gravitational potential? The TEP framework predicts that Delta_mu = -kappa_Cep * X_i, where X_i = (sigma_v^2 - U_ref) / c^2 is the dimensionless TEP potential coordinate. A non-zero negative slope kappa is expected because each indicator's clock rate responds differently to the local potential. The kinematic void model predicts kappa = 0, since distances are indicator-independent and no potential dependence is expected.
[20:54:30] [PROCESS] Loading matched host data and potential catalog...
[20:54:30] [PROCESS] Loading step_10 per-galaxy results: /Users/matthewsmawfield/www/Temporal Equivalence Principle/TEP-VOID/results/outputs/step_10_per_galaxy_delta_mu.csv
[20:54:30] [SUCCESS]   18 hosts with Delta_mu
[20:54:30] [INFO]   Computed X_i = (sigma_v^2 - U_ref) / c^2
[20:54:30] [INFO]   X_i range: -0.7999 to 2.0138 x 1e-7
[20:54:30] [INFO]   Loaded TEP screening factors from TEP-H0 Step 03 (18/18 matched)
[20:54:30] [SUCCESS] Final sample: 18 hosts with Delta_mu and X_i
[20:54:30] [PROCESS] Methodology: the sample comprises matched hosts with both Delta_mu (from step_10) and velocity dispersion sigma_v (from the host potential catalog or HyperLEDA). The TEP potential coordinate X_i = (sigma_v^2 - U_ref) / c^2 is computed for each host, with optional TEP screening S_total from TEP-H0 Step 03. The analysis uses Pearson and Spearman rank correlations and an inverse-variance weighted linear regression Delta_mu = -kappa * X_i + intercept to quantify the potential scaling. The slope significance (kappa / kappa_err) is the primary statistic for the void-vs-TEP comparison.
[20:54:30] [PROCESS] Computing correlation between Delta_mu and X_i...
[20:54:30] [TEST]   [sigma_v]  Pearson r:  +0.1485 (p=0.5565)
[20:54:30] [TEST]   [sigma_v]  Spearman rho: -0.2590 (p=0.2993)
[20:54:30] [TEST]   [X_i uns]  Pearson r:  +0.0372 (p=0.8834)
[20:54:30] [TEST]   [X_i uns]  Spearman rho: -0.2590 (p=0.2993)
[20:54:30] [TEST]   [X_i scr]  Pearson r:  +0.0187 (p=0.9411)
[20:54:30] [TEST]   [X_i scr]  Spearman rho: -0.0815 (p=0.7478)
[20:54:30] [TEST]   [sigma_v]  Linear fit: kappa_sv = -0.000118 +/- 0.000654 (0.18sigma)
[20:54:30] [TEST]   [X_i scr]  Linear fit: kappa = -1.0137e+05 +/- 3.7869e+05 (0.27sigma)
[20:54:30] [TEST]   [X_i scr]  TEP predicted kappa = -365000 (default), -452000 (WLS)
[20:54:30] [TEST]   [X_i scr]  Consistency: |kappa - pred|/err = 0.70sigma (default), 0.93sigma (WLS)
[20:54:30] [TEST]   [X_i uns]  Linear fit: kappa = -1.1717e+05 +/- 2.8745e+05 (0.41sigma)
[20:54:30] [TEST] Interpretation: the fitted slope is kappa = -1.0137e+05 +/- 3.7869e+05 mag (0.27 sigma). The TEP predicted slope is -365000 (default) or -452000 (WLS). The observed slope is within 0.70 sigma of the default prediction. The void prediction of kappa = 0 is not definitively falsified at the 2-sigma threshold.
[20:54:30] [PROCESS] Generating divergence vs potential figure...
[20:54:30] [SUCCESS] Figure saved to /Users/matthewsmawfield/www/Temporal Equivalence Principle/TEP-VOID/results/figures/step_11_divergence_vs_potential.png
[20:54:30] [SUCCESS] Summary saved to /Users/matthewsmawfield/www/Temporal Equivalence Principle/TEP-VOID/results/outputs/step_11_indicator_divergence_vs_potential.json
[20:54:30] [SUCCESS] Step 11 complete
[20:54:30] [SUCCESS] step_11 completed in 1.1s
[20:54:30] [INFO] 
[20:54:30] [INFO] ================================================================================
[20:54:30] [INFO]    Starting step_12: Void prediction uniformity test: does Δμ scatter match the void's zero-prediction?
[20:54:30] [INFO] ================================================================================
[20:54:30] [INFO] 
