[23:43:41] [INFO] 
[23:43:41] [INFO] ================================================================================
[23:43:41] [INFO]    Step 10: Matched Host Comparison — Cepheid vs TRGB
[23:43:41] [INFO] ================================================================================
[23:43:41] [INFO] 
[23:43:41] [PROCESS] Scientific question: do Cepheid and TRGB distance moduli agree for galaxies observed by both indicators? The kinematic void model predicts that all distance indicators yield identical moduli (Delta_mu = 0), because distances are purely geometric and indicator-independent. The TEP framework predicts a non-zero, potential-dependent divergence, since each indicator's clock rate responds differently to the local gravitational potential. This step quantifies the per-galaxy divergence Delta_mu = mu_Cepheid - mu_TRGB and establishes the observational baseline for the void-vs-TEP comparison in Block Ia.
[23:43:41] [PROCESS] Loading matched host catalog...
[23:43:41] [SUCCESS] Loaded 18 matched hosts from /Users/matthewsmawfield/www/Temporal Equivalence Principle/TEP-VOID/data/interim/matched_hosts.csv
[23:43:41] [SUCCESS]   18 hosts with both Cepheid and TRGB moduli
[23:43:41] [SUCCESS]   18 hosts with velocity dispersions
[23:43:41] [PROCESS] Methodology: the matched-host sample is restricted to galaxies with both Cepheid (Riess et al. 2022) and TRGB (Freedman et al. 2025) distance moduli. For each host, Delta_mu is computed as the direct difference of the two moduli, with Gaussian error propagation from the published per-indicator uncertainties. Sample statistics include unweighted and inverse-variance weighted means, standard error, and a t-statistic against the null hypothesis Delta_mu = 0.
[23:43:41] [PROCESS] Computing Delta_mu = mu_Cepheid - mu_TRGB...
[23:43:41] [INFO]   N matched hosts: 18
[23:43:41] [INFO]   Mean Delta_mu:   -0.0052 mag
[23:43:41] [INFO]   Median Delta_mu: +0.0021 mag
[23:43:41] [INFO]   Std Delta_mu:    0.0754 mag
[23:43:41] [INFO]   Weighted mean:   -0.0027 +/- 0.0177 mag
[23:43:41] [TEST]   Significance:    0.15 sigma
[23:43:41] [TEST] Interpretation: the weighted mean divergence is -0.0027 +/- 0.0177 mag (0.15 sigma). A non-zero weighted mean is inconsistent with the void prediction of Delta_mu = 0 and is consistent with the TEP prediction of indicator-dependent distance moduli. The per-galaxy scatter (0.0754 mag) provides the input for the potential-scaling test in step_11.
[23:43:41] [PROCESS] Generating divergence figure...
[23:43:41] [SUCCESS] Figure saved to /Users/matthewsmawfield/www/Temporal Equivalence Principle/TEP-VOID/results/figures/step_10_cepheid_trgb_divergence.png
[23:43:41] [SUCCESS] Per-galaxy results saved to /Users/matthewsmawfield/www/Temporal Equivalence Principle/TEP-VOID/results/outputs/step_10_per_galaxy_delta_mu.csv
[23:43:41] [SUCCESS] Summary saved to /Users/matthewsmawfield/www/Temporal Equivalence Principle/TEP-VOID/results/outputs/step_10_matched_host_comparison.json
[23:43:41] [SUCCESS] Step 10 complete
[23:43:41] [SUCCESS] step_10 completed in 0.3s
