[23:45:21] [INFO] 
[23:45:21] [INFO] ================================================================================
[23:45:21] [INFO]    Step 43: Manuscript Figures — Void vs TEP Composite
[23:45:21] [INFO] ================================================================================
[23:45:21] [INFO] 
[23:45:21] [INFO] This step generates the composite manuscript figure displaying all four discriminating observables that distinguish the KBC void model from the TEP framework. The figure serves as the visual synthesis of the Block III falsification analysis, consolidating the indicator divergence, calibration sensitivity, H0(z) decay profile, and void boundary test into a single publication-ready panel.
[23:45:21] [PROCESS] Loading step results for figure generation...
[23:45:21] [SUCCESS]   Loaded step_30_bulk_flow_recalculation.json
[23:45:21] [SUCCESS]   Loaded step_31_peculiar_velocity_artifact.json
[23:45:21] [SUCCESS]   Loaded step_32_redshift_decay_profile.json
[23:45:21] [SUCCESS]   Loaded step_34_void_boundary_test.json
[23:45:21] [SUCCESS]   Loaded step_40_redshift_shear_reconstruction.json
[23:45:21] [SUCCESS]   Loaded step_42_falsification_summary.json
[23:45:21] [PROCESS] Methodology: a four-panel composite figure is assembled from upstream step results (steps 30, 31, 32, 34, 40, 42). Panel (a) plots Cepheid vs TRGB distance moduli; panel (b) shows bulk-flow calibration sensitivity; panel (c) displays the H0(z) decay profile with void and TEP model overlays; panel (d) presents the void boundary test in massive and low-mass hosts. Model curves use H0_CMB = 67.4 and H0_SH0ES = 73.0 km/s/Mpc.
[23:45:21] [PROCESS] Generating composite manuscript figure...
[23:45:22] [SUCCESS] Composite figure saved to /Users/matthewsmawfield/www/Temporal Equivalence Principle/TEP-VOID/results/figures/step_43_manuscript_composite.png
[23:45:22] [SUCCESS] Interpretation: the composite figure consolidates the four discriminating observables into a single visual synthesis. 6 upstream step results were loaded for panel generation. The figure is saved as a publication-ready PNG at 200 DPI.
[23:45:22] [SUCCESS] Summary saved to /Users/matthewsmawfield/www/Temporal Equivalence Principle/TEP-VOID/results/outputs/step_43_manuscript_figures.json
[23:45:22] [SUCCESS] Step 43 complete
[23:45:22] [SUCCESS] step_43 completed in 0.2s
