[20:54:25] [INFO] 
[20:54:25] [INFO] ================================================================================
[20:54:25] [INFO]    ======================================================================
[20:54:25] [INFO] ================================================================================
[20:54:25] [INFO] 
[20:54:25] [INFO] 
[20:54:25] [INFO] ================================================================================
[20:54:25] [INFO]    Step 00b: External Data Download — Full Provenance Pipeline
[20:54:25] [INFO] ================================================================================
[20:54:25] [INFO] 
[20:54:25] [INFO] 
[20:54:25] [INFO] ================================================================================
[20:54:25] [INFO]    ======================================================================
[20:54:25] [INFO] ================================================================================
[20:54:25] [INFO] 
[20:54:25] [INFO] 
[20:54:25] [INFO] ================================================================================
[20:54:25] [INFO]    Downloading Pantheon+ SH0ES data + covariance matrices
[20:54:25] [INFO] ================================================================================
[20:54:25] [INFO] 
[20:54:25] [INFO] 
[20:54:25] [INFO] ================================================================================
[20:54:25] [INFO]    Downloading CosmicFlows-4 tables from CDS
[20:54:25] [INFO] ================================================================================
[20:54:25] [INFO] 
[20:54:25] [PROCESS]   [SKIP] cf4_table2.dat.gz — already present
[20:54:25] [PROCESS]   [SKIP] cf4_table4.dat.gz — already present
[20:54:25] [PROCESS]   [SKIP] cf4_readme.txt — already present
[20:54:25] [INFO] 
[20:54:25] [INFO] ================================================================================
[20:54:25] [INFO]    Downloading SPARC mass models + rotation curves
[20:54:25] [INFO] ================================================================================
[20:54:25] [INFO] 
[20:54:25] [PROCESS]   [SKIP] SPARC raw download — processed data already present (sparc_full_175.csv, 21,344 bytes)
[20:54:25] [INFO] 
[20:54:25] [INFO] ================================================================================
[20:54:25] [INFO]    Downloading VizieR catalogs (2MTF, SFI++, ALFALFA, 6dFGS)
[20:54:25] [INFO] ================================================================================
[20:54:25] [INFO] 
[20:54:25] [INFO] 
[20:54:25] [INFO] ================================================================================
[20:54:25] [INFO]    Downloading Jia et al. (2023) H(z) data
[20:54:25] [INFO] ================================================================================
[20:54:25] [INFO] 
[20:54:25] [INFO] 
[20:54:25] [INFO] ================================================================================
[20:54:25] [INFO]    Querying HyperLEDA for V_rot of all Pantheon+ hosts
[20:54:25] [INFO] ================================================================================
[20:54:25] [INFO] 
[20:54:25] [PROCESS]   [SKIP] pantheon_host_vrot_hyperleda.csv — already present
[20:54:25] [INFO] 
[20:54:25] [INFO] ================================================================================
[20:54:25] [INFO]    Downloading VizieR HyperLEDA VII/237 + VII/238
[20:54:25] [INFO] ================================================================================
[20:54:25] [INFO] 
[20:54:26] [INFO] 
[20:54:26] [INFO] ================================================================================
[20:54:26] [INFO]    Verifying curated CSV files (transcribed from publications)
[20:54:26] [INFO] ================================================================================
[20:54:26] [INFO] 
[20:54:26] [SUCCESS]   [OK] r22_cepheid_distances.csv — 2,157 bytes
[20:54:26] [SUCCESS]   [OK] trgb_distances_freedman2024.csv — 1,201 bytes
[20:54:26] [SUCCESS]   [OK] jwst_trgb_distances.csv — 3,689 bytes
[20:54:26] [SUCCESS]   [OK] key_project_cepheid_distances.csv — 2,118 bytes
[20:54:26] [SUCCESS]   [OK] madore_freedman2023_vih_vi.csv — 1,748 bytes
[20:54:26] [SUCCESS]   [OK] velocity_dispersions_literature.csv — 10,275 bytes
[20:54:26] [SUCCESS]   [OK] hosts_properties.csv — 3,381 bytes
[20:54:26] [SUCCESS]   [OK] cf4_matched_galaxies_vrot.csv — 2,559 bytes
[20:54:26] [SUCCESS]   [OK] cosmicflows4_catalog.csv — 711 bytes
[20:54:26] [SUCCESS] 
Step 00b complete. Summary: /Users/matthewsmawfield/www/Temporal Equivalence Principle/TEP-VOID/results/outputs/step_00b_external_data_summary.json
[20:54:26] [SUCCESS] Checksum manifest: /Users/matthewsmawfield/www/Temporal Equivalence Principle/TEP-VOID/data/raw/checksums.json
[20:54:26] [SUCCESS] step_00b completed in 0.9s
[20:54:26] [INFO] 
[20:54:26] [INFO] ================================================================================
[20:54:26] [INFO]    Starting step_01: Host galaxy gravitational potential catalog
[20:54:26] [INFO] ================================================================================
[20:54:26] [INFO] 
