[21:42:57] [INFO] 
[21:42:57] [INFO] ================================================================================
[21:42:57] [INFO]    Step 12: Void Prediction Uniformity Test
[21:42:57] [INFO] ================================================================================
[21:42:57] [INFO] 
[21:42:57] [PROCESS] Scientific question: can the kinematic void model's prediction of indicator-uniform distances (Delta_mu = 0 for all hosts) survive a rigorous statistical test against the observed Cepheid-TRGB divergence? The void model requires all distance indicators to yield identical moduli, so any significant departure from Delta_mu = 0 falsifies the void null hypothesis. The TEP framework predicts a non-zero, potential-dependent divergence and is therefore not constrained by this null. This step formally tests the void null hypothesis using multiple independent statistics and renders a falsification verdict, closing Block Ia.
[21:42:57] [PROCESS] Loading observed Delta_mu distribution...
[21:42:57] [PROCESS] Loading step_10 per-galaxy results: /Users/matthewsmawfield/www/Temporal Equivalence Principle/TEP-VOID/results/outputs/step_10_per_galaxy_delta_mu.csv
[21:42:57] [SUCCESS]   18 hosts with Delta_mu
[21:42:57] [PROCESS] Methodology: the observed per-galaxy Delta_mu distribution (from step_10) is tested against the void null hypothesis Delta_mu = 0 for all hosts. Four independent statistics are computed: a chi-squared statistic (sum of Delta_mu_i^2 / sigma_i^2 with N degrees of freedom), a one-sample t-test against zero, a Wilcoxon signed-rank test, and the inverse-variance weighted mean with its significance. The chi-squared significance in sigma equivalents is the primary falsification criterion, using a 2-sigma threshold.
[21:42:57] [PROCESS] Testing void null hypothesis: Delta_mu = 0 for all hosts...
[21:42:57] [TEST]   Chi-squared:     12.36 (dof=18)
[21:42:57] [TEST]   Reduced chi-sq:  0.686
[21:42:57] [TEST]   p-value (chi2):  8.283739e-01
[21:42:57] [TEST]   Significance:    0.22 sigma
[21:42:57] [TEST]   t-test:          t=-0.290, p=0.7752
[21:42:57] [TEST]   Wilcoxon:        W=81.0, p=0.8650
[21:42:57] [TEST]   Weighted mean:   -0.0027 +/- 0.0177 mag
[21:42:57] [TEST]   Weighted signif: 0.15 sigma
[21:42:57] [TEST] Interpretation: the void null hypothesis (Delta_mu = 0) yields a chi-squared of 12.36 for 18 degrees of freedom (reduced chi-squared = 0.686), corresponding to 0.22 sigma. Void null hypothesis (Delta_mu = 0) is not definitively falsified at 0.22 sigma. The weighted mean divergence is -0.0027 +/- 0.0177 mag (0.15 sigma). A significant rejection of the void null is consistent with the TEP prediction of non-zero, potential-dependent divergence.
[21:42:57] [SUCCESS] Summary saved to /Users/matthewsmawfield/www/Temporal Equivalence Principle/TEP-VOID/results/outputs/step_12_void_prediction_uniformity.json
[21:42:57] [SUCCESS] Step 12 complete
[21:42:57] [SUCCESS] step_12 completed in 0.0s
[21:42:57] [INFO] 
[21:42:57] [INFO] ================================================================================
[21:42:57] [INFO]    Starting step_30: Bulk-flow recalculation: Cepheid-calibrated vs TRGB-calibrated
[21:42:57] [INFO] ================================================================================
[21:42:57] [INFO] 
