[23:46:22] [INFO] ============================================================
[23:46:22] [INFO] Step 47: Measured V_rot Analysis and Tracer Classification
[23:46:22] [INFO] ============================================================
[23:46:22] [PROCESS] Loading data sources...
[23:46:22] [INFO]   Pantheon+: 1543 unique SNe
[23:46:22] [INFO]   Host catalog: 41 galaxies with measured V_rot
[23:46:22] [INFO]   CF4 matched V_rot: 22 galaxies
[23:46:23] [INFO]   CF4 table2: 55877 entries, 22 with both Cepheid+TRGB
[23:46:23] [PROCESS] 
Building matched Cepheid/TRGB sample...
[23:46:23] [INFO]   Galaxies with both Cepheid+TRGB: 22
[23:46:23] [INFO]   Matched sample: 22 galaxies
[23:46:23] [INFO]   With V_rot: 22
[23:46:23] [INFO]   R22 (NIR): 6
[23:46:23] [INFO]   Non-R22 (optical): 16
[23:46:23] [TEST]   Sign test: 17/22 Cepheid shorter, p=0.0085, 2.39sigma
[23:46:23] [TEST]   Mean delta_mu = -0.0799 +/- 0.0242 mag
[23:46:23] [TEST]   optical: N=16, mean delta_mu = -0.1065 +/- 0.0267
[23:46:23] [TEST]   NIR: N=6, mean delta_mu = -0.0090 +/- 0.0440
[23:46:23] [TEST]   HI_21cm: N=14, mean delta_mu = -0.0916 +/- 0.0314
[23:46:23] [TEST]   nuclear_optical: N=8, mean delta_mu = -0.0594 +/- 0.0390
[23:46:23] [PROCESS] 
Running improved X_i-step test...
[23:46:23] [INFO]   Hubble-flow SNe (z > 0.01): 1470
[23:46:23] [INFO]   Tully-Fisher V_rot range: 1.5 - 355.7 km/s
[23:46:23] [INFO]   Measured V_rot (calibrators): 41 galaxies, X_i range: -1.02e-08 to 5.98e-07
[23:46:23] [INFO]   Hubble residual: MU_SH0ES - mu_ref(zHD) [LCDM, H0=73.04, Omega_m=0.334]
[23:46:23] [TEST]   X_i-step (Tully-Fisher proxy):
[23:46:23] [TEST]     N(X>0)=1337, N(X<=0)=133
[23:46:23] [TEST]     Step = 3.9 +/- 14.3 mmag (0.27sigma)
[23:46:23] [TEST]     After mass correction: 15.8 +/- 8.3 mmag (1.90sigma)
[23:46:23] [TEST]     Mass step: -21.7 +/- 15.6 mmag
[23:46:23] [PROCESS] 
Running band-dependence test...
[23:46:23] [INFO]   Optical (Key Project): N=16
[23:46:23] [INFO]   NIR (SH0ES/R22): N=6
[23:46:23] [TEST]   Optical: delta_mu = -0.1065 +/- 0.0267
[23:46:23] [TEST]   NIR: delta_mu = -0.0090 +/- 0.0440
[23:46:23] [TEST]   Ratio NIR/optical = 0.085
[23:46:23] [TEST]   Predicted ratio (b_H/b_V) = 1.181
[23:46:23] [TEST]   optical Xi regression: slope = -5.465e+05 +/- 5.604e+05 (0.98sigma)
[23:46:23] [TEST]   NIR Xi regression: slope = 5.176e+05 +/- 3.886e+05 (1.33sigma)
[23:46:23] [PROCESS] 
Running tracer-type test...
[23:46:23] [TEST]   HI_21cm: N=14, mean delta_mu = -0.0916 +/- 0.0314, 11/14 shorter
[23:46:23] [TEST]   nuclear_optical: N=8, mean delta_mu = -0.0594 +/- 0.0390, 6/8 shorter
[23:46:23] [TEST] 
  H I vs Nuclear optical:
[23:46:23] [TEST]     delta_mu(nuclear) - delta_mu(HI) = 0.0323 +/- 0.0501 (0.64sigma)
[23:46:23] [INFO]     Prediction: nuclear should be MORE negative (larger |bias|)
[23:46:23] [INFO] 
Saved matched sample to data/processed/matched_sample_primary.csv
[23:46:23] [INFO] Saved results to results/outputs/step_47_measured_vrot_analysis.json
[23:46:23] [INFO] 
============================================================
[23:46:23] [INFO] Step 47 complete
[23:46:23] [INFO] ============================================================
[23:46:23] [SUCCESS] step_47 completed in 0.9s
