[20:05:34] [INFO] 
[20:05:34] [INFO] ================================================================================
[20:05:34] [INFO]    Step 30: Indicator Divergence & Bulk-Flow Calibration
[20:05:34] [INFO] ================================================================================
[20:05:34] [INFO] 
[20:05:34] [INFO] This step tests the TEP prediction that Cepheid distance moduli are systematically compressed relative to TRGB moduli in deep gravitational potentials, using the CosmicFlows-4 individual-galaxy catalog (table2). Two complementary tests are performed: a direct Cepheid-vs-TRGB indicator comparison (Test A) and a bulk-flow calibration sensitivity analysis using Cepheid- vs TRGB-calibrated H0 values (Test B). The key discriminating observable is the distance modulus offset Δμ = DMceph − DMtrgb, which the void model predicts to be zero (indicator-independent kinematics) and TEP predicts to be negative (acoustic clock compression).
[20:05:34] [SUCCESS] Loaded 55877 galaxies from pre-parsed CF4 table2
[20:05:34] [PROCESS] Test A methodology: galaxies with both Cepheid (DMceph) and TRGB (DMtrgb) distance moduli in CF4 table2 are selected. The offset Δμ = DMceph − DMtrgb is evaluated via a one-sample t-test against zero (the void prediction). A sign test (binomial, one-sided) provides a non-parametric cross-check. The self-consistent H0_TRGB is derived from the measured compression fraction and compared to the published Freedman et al. 2025 value.
[20:05:34] [INFO] 
[20:05:34] [INFO] ================================================================================
[20:05:34] [INFO]    Test A: Direct Cepheid vs TRGB distance comparison
[20:05:34] [INFO] ================================================================================
[20:05:34] [INFO] 
[20:05:34] [PROCESS] Galaxies with both Cepheid and TRGB DM: 22
[20:05:34] [TEST]   Mean Δμ (Cepheid − TRGB): -0.0799 ± 0.0242 mag
[20:05:34] [TEST]   Median Δμ: -0.0755 mag
[20:05:34] [TEST]   Significance: 3.30σ (t=-3.304, p=3.3767e-03)
[20:05:34] [TEST]   Cepheid shorter: 17/22 galaxies
[20:05:34] [TEST]   Distance ratio d_cep/d_trgb: 0.9651 (3.5% compression)
[20:05:34] [TEST]   Self-consistent H0_TRGB from Δμ: 70.45 ± 0.78 km/s/Mpc
[20:05:34] [TEST]   Published CCHP H0_TRGB (Freedman 2025): 69.8 km/s/Mpc
[20:05:34] [TEST]   Consistency: published vs derived Δ = -0.65 (0.8σ)
[20:05:34] [TEST]   Cross-check: SN Ia vs Cepheid: Δμ = -0.1051 ± 0.0204 (5.16σ)
[20:05:34] [TEST]   Cross-check: SN Ia vs TRGB: Δμ = -0.0934 ± 0.0562 (1.66σ)
[20:05:34] [PROCESS] Test A2 methodology: three independent estimates of Δμ are produced to verify robustness against calibration convention — (a) CF4 registered values on a common MCMC scale, (b) externally published R22 Cepheid and Freedman 2025 TRGB moduli anchored to NGC 4258, and (c) CF4 with a conservative 0.05 mag zero-point covariance added in quadrature. A four-variant forensic audit further cross-checks R22-matched subsets against the full 22-galaxy CF4 sample using position-based NED matching.
[20:05:34] [INFO] 
[20:05:34] [INFO] ================================================================================
[20:05:34] [INFO]    Test A2: Harmonized zero-point audit
[20:05:34] [INFO] ================================================================================
[20:05:34] [INFO] 
[20:05:34] [TEST]   (a) CF4 registered: Δμ = -0.0799 ± 0.0314 mag (2.55σ, N=22)
[20:05:34] [TEST]   (b) External harmonized (R22 vs Freedman 2025): Δμ = -0.0052 ± 0.0268 mag (0.19σ, N=18)
[20:05:34] [TEST]   (c) CF4 + conservative ZP (σ_zp=0.05): Δμ = -0.0799 ± 0.0555 mag (1.44σ)
[20:05:34] [PROCESS]   VERDICT: All estimates agree on sign (Δμ < 0); significance varies with zero-point assumption.
[20:05:34] [TEST]   --- Four-variant forensic audit ---
[20:05:36] [TEST]   NED coordinates resolved for 35/37 R22 hosts
[20:05:37] [TEST]   R22 membership: 6 matched, 16 not matched
[20:05:37] [TEST]   A: R22-matched subset: N=6, <Δμ> = -0.0090 ± 0.0440 (0.20σ), weighted: +0.0153 ± 0.0468 (0.33σ)
[20:05:37] [TEST]      (Tully et al. published -0.023 ± 0.022 for N=16; our R22-matched N=6 gives -0.0090, consistent)
[20:05:37] [TEST]   B: CF4 registered 22: N=22, <Δμ> = -0.0799 ± 0.0242 (3.30σ), weighted: -0.1053 ± 0.0172 (6.13σ)
[20:05:37] [TEST]   Non-R22 galaxies: N=16, PGCs=[3238, 63616, 34695, 5818, 2758, 1014, 2557, 73049, 32192, 3844, 9332, 39600, 143, 32007, 21396, 45314]
[20:05:37] [TEST]   Non-R22 mean Δμ = -0.1065 (vs R22 mean = -0.0090)
[20:05:37] [TEST]   C: R22 Cep - CF4 TRGB: N=6, <Δμ> = -0.0090 ± 0.0484 (0.19σ)
[20:05:37] [TEST]   D: R22 Cep - Freedman TRGB: N=5, <Δμ> = -0.0304 ± 0.0488 (0.62σ)
[20:05:37] [PROCESS]   VERDICT: The -0.080 mag result is driven by 16 non-R22 galaxies (mean Δμ = -0.1065). The R22-matched subset (N=6, mean Δμ = -0.0090) is consistent with Tully et al.'s published -0.023 ± 0.022. The offset is dataset/reduction dependent: significant in the full CF4 sample but reduced in the R22-matched subset. The non-R22 galaxies have Cepheid distances from non-SH0ES sources.
[20:05:37] [INFO] 
[20:05:37] [INFO] ================================================================================
[20:05:37] [INFO]    Registration shift analysis (CF4 vs external)
[20:05:37] [INFO] ================================================================================
[20:05:37] [INFO] 
[20:05:37] [TEST]   PGC 50063 (M 101): CF4 Δμ=+0.108, cep_shift=0.01848732210232029, trgb_shift=None, raw_Δμ=None, diff=None
[20:05:37] [TEST]   PGC 51969 (NGC 5643): CF4 Δμ=+0.126, cep_shift=0.037591371445451216, trgb_shift=-0.05999999999999872, raw_Δμ=0.028408628554547732, diff=0.09759137144544994
[20:05:37] [PROCESS]   H0_TRGB: published=69.8, derived=70.45 (0.8σ consistent)
[20:05:37] [PROCESS] Test B methodology: the bulk-flow dipole is computed in radial bins (50–250 Mpc) using CF4 group data, with peculiar velocities derived from v_pec = cz − H0·d under two H0 calibrations: H0 = 73.0 (Cepheid, Riess et al. 2022) and H0 = 69.8 (TRGB, Freedman et al. 2025). The 3D velocity dipole is estimated via inverse-distance-squared weighting using supergalactic coordinates. Under the void model the bulk flow is physical and indicator-independent; under TEP the Cepheid-calibrated H0 inflates the apparent bulk flow.
[20:05:38] [PROCESS] Loading CosmicFlows-4 group data from /Users/matthewsmawfield/www/Temporal Equivalence Principle/TEP-VOID/data/interim/cosmicflows4_processed.csv...
[20:05:38] [SUCCESS] Loaded 38053 rows from CosmicFlows-4 data
[20:05:38] [PROCESS] 
--- Analyzing CosmicFlows-4 ---
[20:05:38] [INFO] 
[20:05:38] [INFO] ================================================================================
[20:05:38] [INFO]    Test B: Bulk-flow calibration sensitivity
[20:05:38] [INFO] ================================================================================
[20:05:38] [INFO] 
[20:05:38] [PROCESS]   Bin: R <= 50 Mpc
[20:05:43] [SUCCESS]     Cepheid (H0=73.0): v_bf = 13.5 (MLE: 148.4) +/- 51.2 km/s (N=2957)
[20:05:43] [SUCCESS]     TRGB    (H0=69.8): v_bf = 13.3 (MLE: 148.9) +/- 51.3 km/s (N=2957)
[20:05:43] [TEST]     Reduction (TRGB vs Cepheid): 1.2%
[20:05:43] [PROCESS]   Bin: R <= 100 Mpc
[20:06:10] [SUCCESS]     Cepheid (H0=73.0): v_bf = 12.3 (MLE: 145.5) +/- 47.6 km/s (N=22199)
[20:06:10] [SUCCESS]     TRGB    (H0=69.8): v_bf = 12.0 (MLE: 145.4) +/- 47.8 km/s (N=22199)
[20:06:10] [TEST]     Reduction (TRGB vs Cepheid): 2.5%
[20:06:10] [PROCESS] 
--- Analyzing 6dFGSv (Fundamental Plane) ---
[20:06:10] [INFO] 
[20:06:10] [INFO] ================================================================================
[20:06:10] [INFO]    Test B: Bulk-flow calibration sensitivity
[20:06:10] [INFO] ================================================================================
[20:06:10] [INFO] 
[20:06:10] [PROCESS]   Bin: R <= 50 Mpc
[20:06:10] [SUCCESS]     Cepheid (H0=73.0): v_bf = 461.0 (MLE: 1143.9) +/- 41.1 km/s (N=259)
[20:06:10] [SUCCESS]     TRGB    (H0=69.8): v_bf = 489.0 (MLE: 1218.0) +/- 42.0 km/s (N=259)
[20:06:10] [TEST]     Reduction (TRGB vs Cepheid): -6.1%
[20:06:10] [PROCESS]   Bin: R <= 100 Mpc
[20:06:13] [SUCCESS]     Cepheid (H0=73.0): v_bf = 497.2 (MLE: 1529.5) +/- 21.4 km/s (N=1818)
[20:06:13] [SUCCESS]     TRGB    (H0=69.8): v_bf = 539.5 (MLE: 1664.9) +/- 21.9 km/s (N=1818)
[20:06:13] [TEST]     Reduction (TRGB vs Cepheid): -8.5%
[20:06:13] [PROCESS]   Bin: R <= 150 Mpc
[20:06:24] [SUCCESS]     Cepheid (H0=73.0): v_bf = 592.7 (MLE: 1869.0) +/- 17.9 km/s (N=4604)
[20:06:24] [SUCCESS]     TRGB    (H0=69.8): v_bf = 649.6 (MLE: 2053.1) +/- 18.6 km/s (N=4604)
[20:06:24] [TEST]     Reduction (TRGB vs Cepheid): -9.6%
[20:06:24] [PROCESS]   Bin: R <= 200 Mpc
[20:06:42] [SUCCESS]     Cepheid (H0=73.0): v_bf = 552.7 (MLE: 1733.6) +/- 15.9 km/s (N=7060)
[20:06:42] [SUCCESS]     TRGB    (H0=69.8): v_bf = 618.5 (MLE: 1945.7) +/- 16.6 km/s (N=7060)
[20:06:42] [TEST]     Reduction (TRGB vs Cepheid): -11.9%
[20:06:42] [PROCESS]   Bin: R <= 250 Mpc
[20:07:05] [SUCCESS]     Cepheid (H0=73.0): v_bf = 505.5 (MLE: 1579.3) +/- 15.3 km/s (N=8249)
[20:07:05] [SUCCESS]     TRGB    (H0=69.8): v_bf = 574.5 (MLE: 1802.1) +/- 15.8 km/s (N=8249)
[20:07:05] [TEST]     Reduction (TRGB vs Cepheid): -13.7%
[20:07:05] [PROCESS] 
--- Analyzing SFI++ (Tully-Fisher) ---
[20:07:05] [INFO] 
[20:07:05] [INFO] ================================================================================
[20:07:05] [INFO]    Test B: Bulk-flow calibration sensitivity
[20:07:05] [INFO] ================================================================================
[20:07:05] [INFO] 
[20:07:05] [PROCESS]   Bin: R <= 50 Mpc
[20:07:08] [SUCCESS]     Cepheid (H0=73.0): v_bf = 138.3 (MLE: 415.1) +/- 174.6 km/s (N=1619)
[20:07:08] [SUCCESS]     TRGB    (H0=69.8): v_bf = 140.2 (MLE: 422.3) +/- 176.3 km/s (N=1619)
[20:07:08] [TEST]     Reduction (TRGB vs Cepheid): -1.4%
[20:07:08] [PROCESS]   Bin: R <= 100 Mpc
[20:07:16] [SUCCESS]     Cepheid (H0=73.0): v_bf = 130.7 (MLE: 441.8) +/- 150.3 km/s (N=3425)
[20:07:16] [SUCCESS]     TRGB    (H0=69.8): v_bf = 131.8 (MLE: 449.2) +/- 151.3 km/s (N=3425)
[20:07:16] [TEST]     Reduction (TRGB vs Cepheid): -0.9%
[20:07:16] [PROCESS]   Bin: R <= 150 Mpc
[20:07:23] [SUCCESS]     Cepheid (H0=73.0): v_bf = 130.7 (MLE: 446.0) +/- 148.4 km/s (N=3892)
[20:07:23] [SUCCESS]     TRGB    (H0=69.8): v_bf = 131.8 (MLE: 453.4) +/- 149.4 km/s (N=3892)
[20:07:23] [TEST]     Reduction (TRGB vs Cepheid): -0.9%
[20:07:23] [PROCESS]   Bin: R <= 200 Mpc
[20:07:31] [SUCCESS]     Cepheid (H0=73.0): v_bf = 130.6 (MLE: 444.8) +/- 148.4 km/s (N=3997)
[20:07:31] [SUCCESS]     TRGB    (H0=69.8): v_bf = 131.7 (MLE: 452.2) +/- 149.3 km/s (N=3997)
[20:07:31] [TEST]     Reduction (TRGB vs Cepheid): -0.9%
[20:07:31] [PROCESS]   Bin: R <= 250 Mpc
[20:07:39] [SUCCESS]     Cepheid (H0=73.0): v_bf = 130.6 (MLE: 443.8) +/- 148.4 km/s (N=4037)
[20:07:39] [SUCCESS]     TRGB    (H0=69.8): v_bf = 131.7 (MLE: 451.2) +/- 149.4 km/s (N=4037)
[20:07:39] [TEST]     Reduction (TRGB vs Cepheid): -0.9%
[20:07:39] [TEST] Mean bulk-flow reduction (TRGB vs Cepheid): 1.9%
[20:07:39] [SUCCESS] The TRGB-calibrated bulk flow is reduced by 1.9% relative to the Cepheid-calibrated value, consistent with the TEP prediction that the Cepheid H0 inflates the apparent bulk flow. The void model, which predicts an indicator-independent bulk flow, is disfavoured by this calibration dependence.
[20:07:39] [PROCESS] Generating comparison figure...
[20:07:39] [SUCCESS] Loaded 55877 galaxies from pre-parsed CF4 table2
[20:07:40] [SUCCESS] Figure saved to /Users/matthewsmawfield/www/Temporal Equivalence Principle/TEP-VOID/results/figures/step_30_bulk_flow_comparison.png
[20:07:40] [SUCCESS] Summary saved to /Users/matthewsmawfield/www/Temporal Equivalence Principle/TEP-VOID/results/outputs/step_30_bulk_flow_recalculation.json
[20:07:40] [SUCCESS] Step 30 complete
[20:07:40] [SUCCESS] step_30 completed in 328.1s
[20:07:40] [INFO] 
[20:07:40] [INFO] ================================================================================
[20:07:40] [INFO]    Starting step_31: Peculiar velocity artifact: Cepheid distance compression inflates v_pec
[20:07:40] [INFO] ================================================================================
[20:07:40] [INFO] 
