[23:46:25] [INFO] ============================================================
[23:46:25] [INFO] Step 52: Derivation of eta_P
[23:46:25] [INFO] ============================================================
[23:46:25] [PROCESS] 
--- Stage 1: Modified Stellar Structure ---
[23:46:25] [INFO] Jordan-frame metric: d\tilde{r} = (1 + \epsilon/2) dr
[23:46:25] [INFO] Density: \tilde{\rho} = \rho (1 - 3\epsilon/2)
[23:46:25] [INFO] Hydrostatic eq: dP/dr = -(1+\epsilon/2) GM\rho/r^2
[23:46:25] [INFO] Pressure gradient steepens by (1+\epsilon/2)
[23:46:25] [PROCESS] 
--- Stage 2: Sound-Speed Perturbation ---
[23:46:25] [INFO] c_s^2 = \Gamma_1 P/\rho
[23:46:25] [INFO] \tilde{c}_s^2 = c_s^2 (1 + 3\epsilon/2)
[23:46:25] [INFO] \tilde{c}_s = c_s (1 + 3\epsilon/4)
[23:46:25] [PROCESS] 
--- Stage 3: Acoustic Crossing Time ---
[23:46:25] [INFO] P = \int dr/c_s(r)
[23:46:25] [INFO] \tilde{P} = \int (1+\epsilon/2)dr / [c_s(1+3\epsilon/4)]
[23:46:25] [INFO] \tilde{P} ≈ P(1 + \epsilon/2 - 3\epsilon/4) = P(1 - \epsilon/4)
[23:46:25] [TEST] \Delta P/P = -\epsilon/4
[23:46:25] [PROCESS] 
--- Stage 4: Geometric Contribution ---
[23:46:25] [TEST] \eta_P(geometric) = 1/2 = 0.50
[23:46:25] [PROCESS] 
--- Stage 5: Radiative Envelope Correction ---
[23:46:25] [INFO] \delta_{rad} range: 0.3 - 0.7 (order-of-magnitude, NOT computed)
[23:46:25] [TEST] \eta_P(geometric, fiducial) = 0.50
[23:46:25] [INFO] \eta_P(with radiative, speculative) range: 0.65 - 0.85
[23:46:25] [PROCESS] 
--- Stage 6: Full LAWE Eigenvalue ---
[23:46:25] [INFO] LAWE: d/dr[\rho c_s^2 r^4 d\xi/dr] + \omega^2 \rho r^4 \xi = 0
[23:46:25] [INFO] Modified by: c_s → \tilde{c}_s, \rho → \tilde{\rho}, r → \tilde{r}
[23:46:25] [INFO] \Delta\omega/\omega = -\epsilon/4 * (1 + \delta_{rad})
[23:46:25] [TEST] \eta_P = 1/2 * (1 + \delta_{rad}) = 0.75
[23:46:25] [PROCESS] 
--- Stage 7: Consistency Check ---
[23:46:25] [PROCESS] 
Consistency check:
[23:46:25] [INFO]   kappa_Cep (fitted) = 4.520e+05 mag
[23:46:25] [INFO]   |b_H| = 3.26
[23:46:25] [INFO]   epsilon_0 * eta_P = kappa_Cep * ln(10) / |b|
[23:46:25] [TEST]   epsilon_0 * eta_P = 3.193e+05
[23:46:25] [INFO]   With eta_P = 0.50 (geometric fiducial):
[23:46:25] [TEST]   epsilon_0 = 6.385e+05
[23:46:25] [TEST]   epsilon_env = epsilon_0 * X_i = 0.0639
[23:46:25] [INFO]   (X_i ~ 1e-07 for V_rot ~ 200 km/s)
[23:46:25] [INFO] 
Saved results to /Users/matthewsmawfield/www/Temporal Equivalence Principle/TEP-VOID/results/outputs/step_52_eta_p.json
[23:46:25] [INFO] 
============================================================
[23:46:25] [INFO] Step 52 complete
[23:46:25] [INFO] ============================================================
[23:46:25] [SUCCESS] step_52 completed in 0.0s
