[11:37:42] [INFO] 
[11:37:42] [INFO] ================================================================================
[11:37:42] [INFO]    Step 22: Void Null Prediction — Internal Radial Gradient Test
[11:37:42] [INFO] ================================================================================
[11:37:42] [INFO] 
[11:37:42] [PROCESS] This step quantifies and tests the void model null prediction that no single galaxy can exhibit an internal radial P-L gradient. The kinematic void model requires Delta_W = 0 because a physical recession velocity acts uniformly on an entire galaxy. The TEP framework predicts Delta_W > 0, with amplitude scaling with gravitational potential depth, so the M31 and LMC measurements provide an independent, sample-variance-free falsification test.
[11:37:42] [PROCESS] Loading step_20 (M31) and step_21 (LMC) results...
[11:37:42] [PROCESS] Loading M31 results: /Users/matthewsmawfield/www/Temporal Equivalence Principle/TEP-VOID/results/outputs/step_20_m31_radial_pl_gradient.json
[11:37:42] [SUCCESS]   M31 results loaded
[11:37:42] [PROCESS] Loading LMC results: /Users/matthewsmawfield/www/Temporal Equivalence Principle/TEP-VOID/results/outputs/step_21_lmc_radial_stratification.json
[11:37:42] [SUCCESS]   LMC results loaded
[11:37:42] [PROCESS] Testing void null prediction: Delta_W = 0 for all internal gradients...
[11:37:42] [PROCESS] Methodology: Three independent internal radial gradient measurements (M31 Pan-STARRS, M31 PHAT, LMC OGLE-IV) are tested against the void null hypothesis Delta_W = 0. Individual chi-squared contributions are summed for a combined test. An inverse-variance weighted meta-analysis yields a pooled Delta_W. The M31-to-LMC gradient ratio tests the TEP potential-depth scaling prediction.
[11:37:42] [TEST]   M31 Pan-STARRS: Delta_W = +0.3560 +/- 0.1357 (2.62 sigma, chi2=6.88)
[11:37:42] [TEST]   M31 PHAT: Delta_W = +0.6808 +/- 0.1867 (3.65 sigma, chi2=13.29)
[11:37:42] [TEST]   LMC OGLE-IV: Delta_W = +0.0284 +/- 0.0086 (3.30 sigma, chi2=10.90)
[11:37:42] [TEST]   Combined chi-squared: 31.07 (dof=3)
[11:37:42] [TEST]   Combined p-value:     8.223600e-07
[11:37:42] [TEST]   Combined significance: 4.93 sigma
[11:37:42] [TEST]   Weighted mean Delta_W: +0.0311 +/- 0.0086 mag (3.62 sigma)
[11:37:42] [TEST]   M31/LMC gradient ratio: 24.0 +/- 9.8
[11:37:42] [INFO]   (TEP predicts ratio >> 1: M31 deeper potential than LMC)
[11:37:42] [SUCCESS] The combined significance of 4.93 sigma from three independent single-galaxy measurements falsifies the void null hypothesis without any sample-variance contamination. The M31/LMC ratio of 24.0 is consistent with the TEP prediction that Delta_W scales with gravitational potential depth.
[11:37:42] [SUCCESS] Summary saved to /Users/matthewsmawfield/www/Temporal Equivalence Principle/TEP-VOID/results/outputs/step_22_void_null_prediction.json
[11:37:42] [SUCCESS] Step 22 complete
