[15:20:52] [INFO] Loading CF4 TF Catalog (Heliocentric)...
[15:21:00] [INFO] Loaded 11044 TF galaxies.
[15:21:00] [INFO] 
=== Global Model Comparison (All V_hel) ===
[15:21:01] [INFO] M0 (Monopole):       BIC = 12220.0 | NLL = 6105.3
[15:21:01] [INFO] MK (Kinematic):      BIC = 11852.4 | NLL = 5907.6 | dBIC(to M0) = -367.6
[15:21:01] [INFO] MT (Temporal):       BIC = 12073.3 | NLL = 6027.3 | dBIC(to M0) = -146.7
[15:21:01] [INFO] MKT (Kin+Temporal):  BIC = 11852.8 | NLL = 5903.1 | dBIC(to best) = 0.4
[15:21:01] [INFO] 
Global TEP Amplitude (MT): T = -0.0985 mag at 100 Mpc/h
[15:21:01] [INFO] Global Kinematic Flow (MK): B = 297.9 km/s, B_|| = -193.2 km/s
[15:21:01] [INFO] 
=== Radial Bin Kinematic Fits (M_K on V_hel) ===
[15:21:01] [INFO] Bin [ 2000- 5000] (N=3578): V_med=3809, B_|| = -203.2 | |B| =  298.2 (Angle:  133 deg) | TEP Predicts:  -65.8
[15:21:01] [INFO] Bin [ 5000- 8000] (N=4104): V_med=6350, B_|| = -196.7 | |B| =  263.5 (Angle:  138 deg) | TEP Predicts: -182.8
[15:21:01] [INFO] Bin [ 8000-11000] (N=2181): V_med=9241, B_|| = -220.6 | |B| =  602.6 (Angle:  111 deg) | TEP Predicts: -387.3
[15:21:01] [INFO] Bin [11000-14000] (N= 772): V_med=12080, B_|| = -356.8 | |B| = 1186.2 (Angle:  108 deg) | TEP Predicts: -661.8
[15:21:01] [INFO] Bin [14000-17000] (N= 180): V_med=15001, B_|| = -172.2 | |B| = 1284.9 (Angle:   98 deg) | TEP Predicts: -1020.6
[15:21:01] [INFO] Bin [17000-20000] (N=  72): V_med=17895, B_|| = -541.1 | |B| =  937.3 (Angle:  125 deg) | TEP Predicts: -1452.4
[15:21:01] [INFO] Saved radial plot to outputs/figures/step_61_helio_radial_flow.png
