[15:28:56] [INFO] Loading Pantheon+ Catalog...
[15:28:56] [INFO] Loaded 630 SNe Ia (0.01 < z < 0.1).
[15:28:56] [INFO] 
=== Global Model Comparison (Frame: CMB) ===
[15:28:56] [INFO] M0 (Monopole):       BIC = 318.9 | NLL = 156.2
[15:28:56] [INFO] MK (Kinematic):      BIC = 320.2 | NLL = 147.2 | dBIC(to M0) = 1.3
[15:28:56] [INFO] MT (Temporal):       BIC = 321.3 | NLL = 154.2 | dBIC(to M0) = 2.4
[15:28:56] [INFO] MKT (Kin+Temporal):  BIC = 326.5 | NLL = 147.1 | dBIC(to best) = 6.2
[15:28:56] [INFO] Global TEP (MT): T = 0.0197 mag | Global Kin (MK): B_|| = 169.2 km/s
[15:28:56] [INFO] 
--- Radial Bin Kinematic Fits (M_K on CMB) ---
[15:28:56] [INFO] Bin [ 3000- 6000] (N=157): V=4665, B_|| =  160.8 | |B| =  166.2 ( 15 deg) | TEP Pred:   19.8
[15:28:56] [INFO] Bin [ 6000-10000] (N=255): V=7747, B_|| =  192.2 | |B| =  299.9 ( 50 deg) | TEP Pred:   54.5
[15:28:56] [INFO] Bin [10000-15000] (N=117): V=11776, B_|| =   91.2 | |B| =  423.5 ( 78 deg) | TEP Pred:  125.9
[15:28:56] [INFO] Bin [15000-20000] (N= 43): V=16962, B_|| =  -64.9 | |B| =  222.6 (107 deg) | TEP Pred:  261.2
[15:28:56] [INFO] Bin [20000-30000] (N= 50): V=22490, B_|| =  181.9 | |B| =  819.6 ( 77 deg) | TEP Pred:  459.1
[15:28:56] [INFO] 
=== Global Model Comparison (Frame: HEL) ===
[15:28:56] [INFO] M0 (Monopole):       BIC = 327.2 | NLL = 160.4
[15:28:56] [INFO] MK (Kinematic):      BIC = 320.2 | NLL = 147.2 | dBIC(to M0) = -7.0
[15:28:56] [INFO] MT (Temporal):       BIC = 321.6 | NLL = 154.4 | dBIC(to M0) = -5.6
[15:28:56] [INFO] MKT (Kin+Temporal):  BIC = 326.3 | NLL = 147.0 | dBIC(to best) = 6.1
[15:28:56] [INFO] Global TEP (MT): T = -0.0339 mag | Global Kin (MK): B_|| = -206.6 km/s
[15:28:56] [INFO] 
--- Radial Bin Kinematic Fits (M_K on HEL) ---
[15:28:56] [INFO] Bin [ 3000- 6000] (N=152): V=4756, B_|| = -209.4 | |B| =  211.8 (171 deg) | TEP Pred:  -35.3
[15:28:56] [INFO] Bin [ 6000-10000] (N=256): V=7588, B_|| = -200.0 | |B| =  326.0 (128 deg) | TEP Pred:  -89.8
[15:28:56] [INFO] Bin [10000-15000] (N=120): V=11657, B_|| = -286.5 | |B| =  459.2 (129 deg) | TEP Pred: -211.9
[15:28:56] [INFO] Bin [15000-20000] (N= 43): V=17028, B_|| = -392.2 | |B| =  454.4 (150 deg) | TEP Pred: -452.2
[15:28:56] [INFO] Bin [20000-30000] (N= 50): V=22787, B_|| = -150.0 | |B| =  791.4 (101 deg) | TEP Pred: -809.8
