[20:29:04] [INFO] Loaded 513 SNe Ia (Hubble flow, 0.01 < zHD < 0.1).
[20:29:04] [INFO] 
=== 1. INJECTION RECOVERY (CMB Axis) ===
[20:29:04] [INFO] Inject (DT=0.00, DK=0.00) -> Recovered DT=-0.0010+/-0.0113, DK=0.0002+/-0.0109
[20:29:04] [INFO] Inject (DT=0.05, DK=0.00) -> Recovered DT=0.0505+/-0.0108, DK=-0.0004+/-0.0087
[20:29:04] [INFO] Inject (DT=0.00, DK=0.05) -> Recovered DT=-0.0009+/-0.0116, DK=0.0497+/-0.0090
[20:29:04] [INFO] Inject (DT=0.05, DK=0.05) -> Recovered DT=0.0520+/-0.0105, DK=0.0464+/-0.0089
[20:29:04] [INFO] 
=== 2. SIMULTANEOUS FITS (CMB Axis) ===
[20:29:04] [INFO] Observable                     |       DT   DT_err    DT_p |       DK   DK_err    DK_p
[20:29:04] [INFO] --------------------------------------------------------------------------------
[20:29:04] [INFO] Raw Mag Residual               |  -0.0006   0.0253  0.9815 |  -0.0729   0.0212  0.0006
[20:29:04] [INFO] SALT C_SALT (mB - m_b_corr)    |  -0.0049   0.0216  0.8188 |  -0.0370   0.0181  0.0412
[20:29:04] [INFO] Std Mag Residual               |   0.0044   0.0122  0.7215 |  -0.0359   0.0102  0.0005
[20:29:04] [INFO] Mechanism: x1                  |  -0.0533   0.0768  0.4880 |   0.1561   0.0643  0.0156
[20:29:04] [INFO] Mechanism: c                   |  -0.0039   0.0066  0.5542 |  -0.0057   0.0055  0.3006
[20:29:04] [INFO] Mechanism: biasCor_m_b         |  -0.0007   0.0040  0.8618 |   0.0038   0.0033  0.2490
[20:29:04] [INFO] PV Correction (km/s)           |  25.8353  10.2103  0.0117 |  36.2312   8.5535  0.0000
[20:29:04] [INFO] 
--- Exact Accounting Identity Check ---
[20:29:04] [INFO] DT_raw (-0.0006) = DT_C_SALT (-0.0049) + DT_std (0.0044)  [Diff: 1.9e-16]
[20:29:04] [INFO] 
=== 2. SIMULTANEOUS FITS (CF4 Axis) ===
[20:29:04] [INFO] Observable                     |       DT   DT_err    DT_p |       DK   DK_err    DK_p
[20:29:04] [INFO] --------------------------------------------------------------------------------
[20:29:04] [INFO] Raw Mag Residual               |  -0.0179   0.0422  0.6721 |  -0.1057   0.0276  0.0001
[20:29:04] [INFO] SALT C_SALT (mB - m_b_corr)    |   0.0084   0.0360  0.8148 |  -0.0628   0.0236  0.0079
[20:29:04] [INFO] Std Mag Residual               |  -0.0263   0.0203  0.1965 |  -0.0429   0.0133  0.0013
[20:29:04] [INFO] Mechanism: x1                  |  -0.1719   0.1289  0.1831 |   0.1381   0.0843  0.1020
[20:29:04] [INFO] Mechanism: c                   |  -0.0065   0.0110  0.5584 |  -0.0151   0.0072  0.0362
[20:29:04] [INFO] Mechanism: biasCor_m_b         |   0.0030   0.0066  0.6463 |   0.0044   0.0043  0.3143
[20:29:04] [INFO] PV Correction (km/s)           | 107.8797  16.0323  0.0000 |  49.7690  10.4820  0.0000
[20:29:04] [INFO] 
--- Exact Accounting Identity Check ---
[20:29:04] [INFO] DT_raw (-0.0179) = DT_C_SALT (0.0084) + DT_std (-0.0263)  [Diff: -3.2e-16]
[20:29:04] [INFO] 
=== 3. STRATIFIED PERMUTATIONS (CMB Axis, N=1000) ===
[20:29:04] [INFO] Observable                     | p_DT_perm | p_DK_perm
[20:29:04] [INFO] -------------------------------------------------------
[20:29:06] [INFO] Raw Mag Residual               |    0.9820 |    0.0000
[20:29:09] [INFO] SALT C_SALT (mB - m_b_corr)    |    0.7740 |    0.0320
[20:29:11] [INFO] Std Mag Residual               |    0.6650 |    0.0000
[20:29:11] [INFO] 
=== 4. LEAVE-ONE-SURVEY-OUT ROBUSTNESS (Raw Mag Resid, CMB Axis) ===
[20:29:11] [INFO] Exclude 56         (N= 28) -> DT =  -0.0085 (p=0.7380) | DK =  -0.0672 (p=0.0030)
[20:29:11] [INFO] Exclude 57         (N= 80) -> DT =   0.0021 (p=0.9342) | DK =  -0.0716 (p=0.0023)
[20:29:11] [INFO] Exclude 51         (N= 34) -> DT =  -0.0002 (p=0.9951) | DK =  -0.0791 (p=0.0004)
[20:29:11] [INFO] Exclude 5          (N= 51) -> DT =   0.0119 (p=0.6440) | DK =  -0.0748 (p=0.0005)
[20:29:11] [INFO] Exclude 63         (N= 17) -> DT =  -0.0056 (p=0.8271) | DK =  -0.0687 (p=0.0018)
[20:29:11] [INFO] Exclude 62         (N= 12) -> DT =   0.0002 (p=0.9933) | DK =  -0.0738 (p=0.0006)
[20:29:11] [INFO] Exclude 50         (N= 26) -> DT =   0.0031 (p=0.9035) | DK =  -0.0791 (p=0.0003)
[20:29:11] [INFO] Exclude 150        (N=173) -> DT =  -0.0215 (p=0.5575) | DK =  -0.0601 (p=0.0183)
[20:29:11] [INFO] Exclude 66         (N=  9) -> DT =   0.0015 (p=0.9529) | DK =  -0.0769 (p=0.0004)
[20:29:11] [INFO] Exclude 64         (N= 25) -> DT =  -0.0017 (p=0.9482) | DK =  -0.0684 (p=0.0018)
[20:29:11] [INFO] Exclude 61         (N=  8) -> DT =  -0.0061 (p=0.8089) | DK =  -0.0716 (p=0.0008)
[20:29:11] [INFO] Exclude 65         (N= 16) -> DT =   0.0043 (p=0.8647) | DK =  -0.0773 (p=0.0003)
[20:29:11] [INFO] Exclude 18         (N= 11) -> DT =  -0.0015 (p=0.9517) | DK =  -0.0736 (p=0.0006)
[20:29:11] [INFO] Exclude 15         (N= 14) -> DT =   0.0073 (p=0.7895) | DK =  -0.0750 (p=0.0006)
[20:29:11] [INFO] Exclude 1          (N=  9) -> DT =  -0.0014 (p=0.9556) | DK =  -0.0725 (p=0.0007)
[20:29:11] [INFO] Saved summary to /Users/matthewsmawfield/www/Temporal Equivalence Principle/TEP-VOID/results/outputs/step_64_mechanism_resolved_audit.json
[20:29:11] [SUCCESS] step_64 completed in 8.5s
[20:29:11] [INFO] 
[20:29:11] [INFO] ================================================================================
[20:29:11] [INFO]    Pipeline complete: 1 succeeded, 0 failed, 8.5s total
[20:29:11] [INFO] ================================================================================
[20:29:11] [INFO] 
